[2021-05-15T18:49:04.720+0100][gc,heap] Heap region size: 1M
[2021-05-15T18:49:04.767+0100][gc     ] Using G1
[2021-05-15T18:49:04.767+0100][gc,heap,coops] Heap address: 0x00000000c0000000, size: 1024 MB, Compressed Oops mode: 32-bit
[2021-05-15T18:49:04.768+0100][gc,cds       ] Mark closed archive regions in map: [0x00000000fff00000, 0x00000000fff6aff8]
[2021-05-15T18:49:04.769+0100][gc,cds       ] Mark open archive regions in map: [0x00000000ffe00000, 0x00000000ffe46ff8]
[2021-05-15T18:49:11.998+0100][gc,start     ] GC(0) Pause Young (Normal) (G1 Evacuation Pause)
[2021-05-15T18:49:11.999+0100][gc,task      ] GC(0) Using 4 workers of 4 for evacuation
[2021-05-15T18:49:12.054+0100][gc,mmu       ] GC(0) MMU target violated: 21.0ms (20.0ms/21.0ms)
[2021-05-15T18:49:12.545+0100][gc,phases    ] GC(0)   Pre Evacuate Collection Set: 15.6ms
[2021-05-15T18:49:12.545+0100][gc,phases    ] GC(0)   Evacuate Collection Set: 36.5ms
[2021-05-15T18:49:12.546+0100][gc,phases    ] GC(0)   Post Evacuate Collection Set: 1.6ms
[2021-05-15T18:49:12.546+0100][gc,phases    ] GC(0)   Other: 492.4ms
[2021-05-15T18:49:12.546+0100][gc,heap      ] GC(0) Eden regions: 51->0(44)
[2021-05-15T18:49:12.547+0100][gc,heap      ] GC(0) Survivor regions: 0->7(7)
[2021-05-15T18:49:12.548+0100][gc,heap      ] GC(0) Old regions: 2->2
[2021-05-15T18:49:12.548+0100][gc,heap      ] GC(0) Humongous regions: 0->0
[2021-05-15T18:49:12.549+0100][gc,metaspace ] GC(0) Metaspace: 15519K->15519K(1062912K)
[2021-05-15T18:49:12.549+0100][gc           ] GC(0) Pause Young (Normal) (G1 Evacuation Pause) 51M->7M(1024M) 550.899ms
[2021-05-15T18:49:12.550+0100][gc,cpu       ] GC(0) User=0.13s Sys=0.00s Real=0.56s
[2021-05-15T18:49:13.391+0100][gc,start     ] GC(1) Pause Young (Concurrent Start) (Metadata GC Threshold)
[2021-05-15T18:49:13.391+0100][gc,task      ] GC(1) Using 4 workers of 4 for evacuation
[2021-05-15T18:49:13.418+0100][gc,mmu       ] GC(1) MMU target violated: 21.0ms (20.0ms/21.0ms)
[2021-05-15T18:49:13.418+0100][gc,phases    ] GC(1)   Pre Evacuate Collection Set: 0.1ms
[2021-05-15T18:49:13.419+0100][gc,phases    ] GC(1)   Evacuate Collection Set: 13.4ms
[2021-05-15T18:49:13.419+0100][gc,phases    ] GC(1)   Post Evacuate Collection Set: 2.5ms
[2021-05-15T18:49:13.419+0100][gc,phases    ] GC(1)   Other: 11.5ms
[2021-05-15T18:49:13.420+0100][gc,heap      ] GC(1) Eden regions: 21->0(50)
[2021-05-15T18:49:13.420+0100][gc,heap      ] GC(1) Survivor regions: 7->1(7)
[2021-05-15T18:49:13.420+0100][gc,heap      ] GC(1) Old regions: 2->9
[2021-05-15T18:49:13.420+0100][gc,heap      ] GC(1) Humongous regions: 0->0
[2021-05-15T18:49:13.420+0100][gc,metaspace ] GC(1) Metaspace: 20618K->20618K(1067008K)
[2021-05-15T18:49:13.420+0100][gc           ] GC(1) Pause Young (Concurrent Start) (Metadata GC Threshold) 27M->7M(1024M) 29.347ms
[2021-05-15T18:49:13.421+0100][gc,cpu       ] GC(1) User=0.04s Sys=0.00s Real=0.03s
[2021-05-15T18:49:13.421+0100][gc           ] GC(2) Concurrent Cycle
[2021-05-15T18:49:13.422+0100][gc,marking   ] GC(2) Concurrent Clear Claimed Marks
[2021-05-15T18:49:13.422+0100][gc,marking   ] GC(2) Concurrent Clear Claimed Marks 0.439ms
[2021-05-15T18:49:13.422+0100][gc,marking   ] GC(2) Concurrent Scan Root Regions
[2021-05-15T18:49:13.424+0100][gc,marking   ] GC(2) Concurrent Scan Root Regions 1.708ms
[2021-05-15T18:49:13.424+0100][gc,marking   ] GC(2) Concurrent Mark (8.840s)
[2021-05-15T18:49:13.425+0100][gc,marking   ] GC(2) Concurrent Mark From Roots
[2021-05-15T18:49:13.425+0100][gc,task      ] GC(2) Using 1 workers of 1 for marking
[2021-05-15T18:49:13.437+0100][gc,marking   ] GC(2) Concurrent Mark From Roots 11.956ms
[2021-05-15T18:49:13.437+0100][gc,marking   ] GC(2) Concurrent Preclean
[2021-05-15T18:49:13.437+0100][gc,marking   ] GC(2) Concurrent Preclean 0.411ms
[2021-05-15T18:49:13.438+0100][gc,marking   ] GC(2) Concurrent Mark (8.840s, 8.854s) 13.247ms
[2021-05-15T18:49:13.438+0100][gc,start     ] GC(2) Pause Remark
[2021-05-15T18:49:13.448+0100][gc,stringtable] GC(2) Cleaned string and symbol table, strings: 5012 processed, 0 removed, symbols: 49780 processed, 42 removed
[2021-05-15T18:49:13.449+0100][gc            ] GC(2) Pause Remark 8M->8M(1024M) 10.466ms
[2021-05-15T18:49:13.449+0100][gc,cpu        ] GC(2) User=0.02s Sys=0.00s Real=0.02s
[2021-05-15T18:49:13.449+0100][gc,marking    ] GC(2) Concurrent Rebuild Remembered Sets
[2021-05-15T18:49:13.455+0100][gc,marking    ] GC(2) Concurrent Rebuild Remembered Sets 5.427ms
[2021-05-15T18:49:13.455+0100][gc,start      ] GC(2) Pause Cleanup
[2021-05-15T18:49:13.456+0100][gc            ] GC(2) Pause Cleanup 8M->8M(1024M) 0.552ms
[2021-05-15T18:49:13.456+0100][gc,cpu        ] GC(2) User=0.00s Sys=0.00s Real=0.00s
[2021-05-15T18:49:13.456+0100][gc,marking    ] GC(2) Concurrent Cleanup for Next Mark
[2021-05-15T18:49:13.467+0100][gc,marking    ] GC(2) Concurrent Cleanup for Next Mark 10.151ms
[2021-05-15T18:49:13.467+0100][gc            ] GC(2) Concurrent Cycle 46.000ms
[2021-05-15T18:49:16.960+0100][gc,start      ] GC(3) Pause Young (Normal) (G1 Evacuation Pause)
[2021-05-15T18:49:16.961+0100][gc,task       ] GC(3) Using 4 workers of 4 for evacuation
[2021-05-15T18:49:16.971+0100][gc,phases     ] GC(3)   Pre Evacuate Collection Set: 0.0ms
[2021-05-15T18:49:16.972+0100][gc,phases     ] GC(3)   Evacuate Collection Set: 9.9ms
[2021-05-15T18:49:16.972+0100][gc,phases     ] GC(3)   Post Evacuate Collection Set: 0.6ms
[2021-05-15T18:49:16.972+0100][gc,phases     ] GC(3)   Other: 0.6ms
[2021-05-15T18:49:16.972+0100][gc,heap       ] GC(3) Eden regions: 50->0(46)
[2021-05-15T18:49:16.972+0100][gc,heap       ] GC(3) Survivor regions: 1->5(7)
[2021-05-15T18:49:16.973+0100][gc,heap       ] GC(3) Old regions: 9->9
[2021-05-15T18:49:16.973+0100][gc,heap       ] GC(3) Humongous regions: 129->129
[2021-05-15T18:49:16.973+0100][gc,metaspace  ] GC(3) Metaspace: 30175K->30175K(1077248K)
[2021-05-15T18:49:16.974+0100][gc            ] GC(3) Pause Young (Normal) (G1 Evacuation Pause) 186M->140M(1024M) 13.400ms
[2021-05-15T18:49:16.974+0100][gc,cpu        ] GC(3) User=0.03s Sys=0.00s Real=0.03s
[2021-05-15T18:49:41.556+0100][gc,start      ] GC(4) Pause Young (Concurrent Start) (Metadata GC Threshold)
[2021-05-15T18:49:41.641+0100][gc,task       ] GC(4) Using 4 workers of 4 for evacuation
[2021-05-15T18:49:41.893+0100][gc,mmu        ] GC(4) MMU target violated: 21.0ms (20.0ms/21.0ms)
[2021-05-15T18:49:41.919+0100][gc,phases     ] GC(4)   Pre Evacuate Collection Set: 18.8ms
[2021-05-15T18:49:41.962+0100][gc,phases     ] GC(4)   Evacuate Collection Set: 158.4ms
[2021-05-15T18:49:42.257+0100][gc,phases     ] GC(4)   Post Evacuate Collection Set: 0.4ms
[2021-05-15T18:49:42.258+0100][gc,phases     ] GC(4)   Other: 184.7ms
[2021-05-15T18:49:42.259+0100][gc,heap       ] GC(4) Eden regions: 20->0(49)
[2021-05-15T18:49:42.259+0100][gc,heap       ] GC(4) Survivor regions: 5->2(7)
[2021-05-15T18:49:42.260+0100][gc,heap       ] GC(4) Old regions: 9->13
[2021-05-15T18:49:42.260+0100][gc,heap       ] GC(4) Humongous regions: 129->129
[2021-05-15T18:49:42.260+0100][gc,metaspace  ] GC(4) Metaspace: 34667K->34667K(1081344K)
[2021-05-15T18:49:42.261+0100][gc            ] GC(4) Pause Young (Concurrent Start) (Metadata GC Threshold) 160M->141M(1024M) 704.680ms
[2021-05-15T18:49:42.261+0100][gc,cpu        ] GC(4) User=0.23s Sys=0.05s Real=0.71s
[2021-05-15T18:49:42.283+0100][gc            ] GC(5) Concurrent Cycle
[2021-05-15T18:49:42.344+0100][gc,marking    ] GC(5) Concurrent Clear Claimed Marks
[2021-05-15T18:49:42.368+0100][gc,marking    ] GC(5) Concurrent Clear Claimed Marks 24.143ms
[2021-05-15T18:49:42.391+0100][gc,marking    ] GC(5) Concurrent Scan Root Regions
[2021-05-15T18:49:42.394+0100][gc,marking    ] GC(5) Concurrent Scan Root Regions 2.750ms
[2021-05-15T18:49:42.394+0100][gc,marking    ] GC(5) Concurrent Mark (37.810s)
[2021-05-15T18:49:42.394+0100][gc,marking    ] GC(5) Concurrent Mark From Roots
[2021-05-15T18:49:42.394+0100][gc,task       ] GC(5) Using 1 workers of 1 for marking
[2021-05-15T18:49:42.620+0100][gc,marking    ] GC(5) Concurrent Mark From Roots 225.575ms
[2021-05-15T18:49:42.667+0100][gc,marking    ] GC(5) Concurrent Preclean
[2021-05-15T18:49:42.690+0100][gc,marking    ] GC(5) Concurrent Preclean 22.851ms
[2021-05-15T18:49:42.734+0100][gc,marking    ] GC(5) Concurrent Mark (37.810s, 38.150s) 340.255ms
[2021-05-15T18:49:42.785+0100][gc,start      ] GC(5) Pause Remark
[2021-05-15T18:49:43.037+0100][gc,stringtable] GC(5) Cleaned string and symbol table, strings: 10003 processed, 12 removed, symbols: 81877 processed, 13 removed
[2021-05-15T18:49:43.038+0100][gc,mmu        ] GC(5) MMU target violated: 21.0ms (20.0ms/21.0ms)
[2021-05-15T18:49:43.038+0100][gc            ] GC(5) Pause Remark 144M->144M(1024M) 253.115ms
[2021-05-15T18:49:43.039+0100][gc,cpu        ] GC(5) User=0.34s Sys=0.07s Real=0.25s
[2021-05-15T18:49:43.039+0100][gc,marking    ] GC(5) Concurrent Rebuild Remembered Sets
[2021-05-15T18:49:43.071+0100][gc,marking    ] GC(5) Concurrent Rebuild Remembered Sets 31.638ms
[2021-05-15T18:49:43.094+0100][gc,start      ] GC(5) Pause Cleanup
[2021-05-15T18:49:43.095+0100][gc            ] GC(5) Pause Cleanup 144M->144M(1024M) 1.234ms
[2021-05-15T18:49:43.096+0100][gc,cpu        ] GC(5) User=0.00s Sys=0.00s Real=0.02s
[2021-05-15T18:49:43.111+0100][gc,marking    ] GC(5) Concurrent Cleanup for Next Mark
[2021-05-15T18:49:43.473+0100][gc,marking    ] GC(5) Concurrent Cleanup for Next Mark 362.494ms
[2021-05-15T18:49:43.474+0100][gc            ] GC(5) Concurrent Cycle 1191.134ms
[2021-05-15T18:51:24.548+0100][gc,heap,exit  ] Heap
[2021-05-15T18:51:24.549+0100][gc,heap,exit  ]  garbage-first heap   total 1048576K, used 176971K [0x00000000c0000000, 0x0000000100000000)
[2021-05-15T18:51:24.549+0100][gc,heap,exit  ]   region size 1024K, 34 young (34816K), 2 survivors (2048K)
[2021-05-15T18:51:24.549+0100][gc,heap,exit  ]  Metaspace       used 38904K, capacity 40598K, committed 40832K, reserved 1085440K
[2021-05-15T18:51:24.549+0100][gc,heap,exit  ]   class space    used 4654K, capacity 5449K, committed 5504K, reserved 1048576K
