[2021-05-15T18:49:00.864+0100][gc,heap] Heap region size: 1M
[2021-05-15T18:49:00.884+0100][gc     ] Using G1
[2021-05-15T18:49:00.885+0100][gc,heap,coops] Heap address: 0x00000000c0000000, size: 1024 MB, Compressed Oops mode: 32-bit
[2021-05-15T18:49:00.885+0100][gc,cds       ] Mark closed archive regions in map: [0x00000000fff00000, 0x00000000fff6aff8]
[2021-05-15T18:49:00.885+0100][gc,cds       ] Mark open archive regions in map: [0x00000000ffe00000, 0x00000000ffe46ff8]
[2021-05-15T18:49:03.732+0100][gc,start     ] GC(0) Pause Young (Normal) (G1 Evacuation Pause)
[2021-05-15T18:49:03.732+0100][gc,task      ] GC(0) Using 4 workers of 4 for evacuation
[2021-05-15T18:49:03.765+0100][gc,mmu       ] GC(0) MMU target violated: 21.0ms (20.0ms/21.0ms)
[2021-05-15T18:49:03.765+0100][gc,phases    ] GC(0)   Pre Evacuate Collection Set: 0.0ms
[2021-05-15T18:49:03.766+0100][gc,phases    ] GC(0)   Evacuate Collection Set: 30.5ms
[2021-05-15T18:49:03.766+0100][gc,phases    ] GC(0)   Post Evacuate Collection Set: 1.4ms
[2021-05-15T18:49:03.766+0100][gc,phases    ] GC(0)   Other: 1.9ms
[2021-05-15T18:49:03.766+0100][gc,heap      ] GC(0) Eden regions: 51->0(44)
[2021-05-15T18:49:03.766+0100][gc,heap      ] GC(0) Survivor regions: 0->7(7)
[2021-05-15T18:49:03.767+0100][gc,heap      ] GC(0) Old regions: 2->2
[2021-05-15T18:49:03.767+0100][gc,heap      ] GC(0) Humongous regions: 0->0
[2021-05-15T18:49:03.767+0100][gc,metaspace ] GC(0) Metaspace: 15550K->15550K(1062912K)
[2021-05-15T18:49:03.767+0100][gc           ] GC(0) Pause Young (Normal) (G1 Evacuation Pause) 51M->7M(1024M) 35.497ms
[2021-05-15T18:49:03.767+0100][gc,cpu       ] GC(0) User=0.12s Sys=0.00s Real=0.03s
[2021-05-15T18:49:04.521+0100][gc,start     ] GC(1) Pause Young (Concurrent Start) (Metadata GC Threshold)
[2021-05-15T18:49:04.521+0100][gc,task      ] GC(1) Using 4 workers of 4 for evacuation
[2021-05-15T18:49:04.555+0100][gc,mmu       ] GC(1) MMU target violated: 21.0ms (20.0ms/21.0ms)
[2021-05-15T18:49:04.556+0100][gc,phases    ] GC(1)   Pre Evacuate Collection Set: 0.1ms
[2021-05-15T18:49:04.556+0100][gc,phases    ] GC(1)   Evacuate Collection Set: 33.2ms
[2021-05-15T18:49:04.556+0100][gc,phases    ] GC(1)   Post Evacuate Collection Set: 0.6ms
[2021-05-15T18:49:04.556+0100][gc,phases    ] GC(1)   Other: 0.9ms
[2021-05-15T18:49:04.556+0100][gc,heap      ] GC(1) Eden regions: 21->0(50)
[2021-05-15T18:49:04.557+0100][gc,heap      ] GC(1) Survivor regions: 7->1(7)
[2021-05-15T18:49:04.557+0100][gc,heap      ] GC(1) Old regions: 2->9
[2021-05-15T18:49:04.557+0100][gc,heap      ] GC(1) Humongous regions: 0->0
[2021-05-15T18:49:04.557+0100][gc,metaspace ] GC(1) Metaspace: 20535K->20535K(1067008K)
[2021-05-15T18:49:04.557+0100][gc           ] GC(1) Pause Young (Concurrent Start) (Metadata GC Threshold) 27M->7M(1024M) 36.504ms
[2021-05-15T18:49:04.557+0100][gc,cpu       ] GC(1) User=0.04s Sys=0.01s Real=0.03s
[2021-05-15T18:49:04.558+0100][gc           ] GC(2) Concurrent Cycle
[2021-05-15T18:49:04.558+0100][gc,marking   ] GC(2) Concurrent Clear Claimed Marks
[2021-05-15T18:49:04.560+0100][gc,marking   ] GC(2) Concurrent Clear Claimed Marks 1.417ms
[2021-05-15T18:49:04.560+0100][gc,marking   ] GC(2) Concurrent Scan Root Regions
[2021-05-15T18:49:04.561+0100][gc,marking   ] GC(2) Concurrent Scan Root Regions 1.127ms
[2021-05-15T18:49:04.562+0100][gc,marking   ] GC(2) Concurrent Mark (3.812s)
[2021-05-15T18:49:04.562+0100][gc,marking   ] GC(2) Concurrent Mark From Roots
[2021-05-15T18:49:04.563+0100][gc,task      ] GC(2) Using 1 workers of 1 for marking
[2021-05-15T18:49:04.572+0100][gc,marking   ] GC(2) Concurrent Mark From Roots 9.787ms
[2021-05-15T18:49:04.573+0100][gc,marking   ] GC(2) Concurrent Preclean
[2021-05-15T18:49:04.573+0100][gc,marking   ] GC(2) Concurrent Preclean 0.454ms
[2021-05-15T18:49:04.573+0100][gc,marking   ] GC(2) Concurrent Mark (3.812s, 3.823s) 11.013ms
[2021-05-15T18:49:04.574+0100][gc,start     ] GC(2) Pause Remark
[2021-05-15T18:49:04.586+0100][gc,stringtable] GC(2) Cleaned string and symbol table, strings: 5001 processed, 0 removed, symbols: 49703 processed, 42 removed
[2021-05-15T18:49:04.587+0100][gc            ] GC(2) Pause Remark 8M->8M(1024M) 13.432ms
[2021-05-15T18:49:04.587+0100][gc,cpu        ] GC(2) User=0.02s Sys=0.00s Real=0.01s
[2021-05-15T18:49:04.588+0100][gc,marking    ] GC(2) Concurrent Rebuild Remembered Sets
[2021-05-15T18:49:04.594+0100][gc,marking    ] GC(2) Concurrent Rebuild Remembered Sets 6.585ms
[2021-05-15T18:49:04.595+0100][gc,start      ] GC(2) Pause Cleanup
[2021-05-15T18:49:04.595+0100][gc            ] GC(2) Pause Cleanup 8M->8M(1024M) 0.478ms
[2021-05-15T18:49:04.595+0100][gc,cpu        ] GC(2) User=0.00s Sys=0.00s Real=0.00s
[2021-05-15T18:49:04.596+0100][gc,marking    ] GC(2) Concurrent Cleanup for Next Mark
[2021-05-15T18:49:04.608+0100][gc,marking    ] GC(2) Concurrent Cleanup for Next Mark 12.777ms
[2021-05-15T18:49:04.609+0100][gc            ] GC(2) Concurrent Cycle 50.844ms
[2021-05-15T18:49:07.947+0100][gc,start      ] GC(3) Pause Young (Normal) (G1 Evacuation Pause)
[2021-05-15T18:49:07.947+0100][gc,task       ] GC(3) Using 4 workers of 4 for evacuation
[2021-05-15T18:49:08.001+0100][gc,mmu        ] GC(3) MMU target violated: 21.0ms (20.0ms/21.0ms)
[2021-05-15T18:49:08.001+0100][gc,phases     ] GC(3)   Pre Evacuate Collection Set: 0.3ms
[2021-05-15T18:49:08.002+0100][gc,phases     ] GC(3)   Evacuate Collection Set: 51.5ms
[2021-05-15T18:49:08.002+0100][gc,phases     ] GC(3)   Post Evacuate Collection Set: 1.8ms
[2021-05-15T18:49:08.002+0100][gc,phases     ] GC(3)   Other: 1.1ms
[2021-05-15T18:49:08.002+0100][gc,heap       ] GC(3) Eden regions: 50->0(46)
[2021-05-15T18:49:08.002+0100][gc,heap       ] GC(3) Survivor regions: 1->5(7)
[2021-05-15T18:49:08.002+0100][gc,heap       ] GC(3) Old regions: 9->9
[2021-05-15T18:49:08.003+0100][gc,heap       ] GC(3) Humongous regions: 129->129
[2021-05-15T18:49:08.003+0100][gc,metaspace  ] GC(3) Metaspace: 30246K->30246K(1077248K)
[2021-05-15T18:49:08.003+0100][gc            ] GC(3) Pause Young (Normal) (G1 Evacuation Pause) 186M->140M(1024M) 55.983ms
[2021-05-15T18:49:08.003+0100][gc,cpu        ] GC(3) User=0.17s Sys=0.02s Real=0.06s
[2021-05-15T18:49:41.671+0100][gc,start      ] GC(4) Pause Young (Concurrent Start) (Metadata GC Threshold)
[2021-05-15T18:49:41.710+0100][gc,task       ] GC(4) Using 4 workers of 4 for evacuation
[2021-05-15T18:49:42.190+0100][gc,mmu        ] GC(4) MMU target violated: 21.0ms (20.0ms/21.0ms)
[2021-05-15T18:49:42.257+0100][gc,phases     ] GC(4)   Pre Evacuate Collection Set: 23.0ms
[2021-05-15T18:49:42.257+0100][gc,phases     ] GC(4)   Evacuate Collection Set: 422.1ms
[2021-05-15T18:49:42.258+0100][gc,phases     ] GC(4)   Post Evacuate Collection Set: 1.8ms
[2021-05-15T18:49:42.258+0100][gc,phases     ] GC(4)   Other: 138.8ms
[2021-05-15T18:49:42.259+0100][gc,heap       ] GC(4) Eden regions: 20->0(49)
[2021-05-15T18:49:42.260+0100][gc,heap       ] GC(4) Survivor regions: 5->2(7)
[2021-05-15T18:49:42.260+0100][gc,heap       ] GC(4) Old regions: 9->13
[2021-05-15T18:49:42.261+0100][gc,heap       ] GC(4) Humongous regions: 129->129
[2021-05-15T18:49:42.261+0100][gc,metaspace  ] GC(4) Metaspace: 34660K->34660K(1081344K)
[2021-05-15T18:49:42.332+0100][gc            ] GC(4) Pause Young (Concurrent Start) (Metadata GC Threshold) 160M->142M(1024M) 660.205ms
[2021-05-15T18:49:42.357+0100][gc,cpu        ] GC(4) User=1.01s Sys=0.33s Real=0.68s
[2021-05-15T18:49:42.367+0100][gc            ] GC(5) Concurrent Cycle
[2021-05-15T18:49:42.398+0100][gc,marking    ] GC(5) Concurrent Clear Claimed Marks
[2021-05-15T18:49:42.409+0100][gc,marking    ] GC(5) Concurrent Clear Claimed Marks 11.000ms
[2021-05-15T18:49:42.413+0100][gc,marking    ] GC(5) Concurrent Scan Root Regions
[2021-05-15T18:49:42.459+0100][gc,marking    ] GC(5) Concurrent Scan Root Regions 46.513ms
[2021-05-15T18:49:42.537+0100][gc,marking    ] GC(5) Concurrent Mark (41.787s)
[2021-05-15T18:49:42.557+0100][gc,marking    ] GC(5) Concurrent Mark From Roots
[2021-05-15T18:49:42.569+0100][gc,task       ] GC(5) Using 1 workers of 1 for marking
[2021-05-15T18:49:42.993+0100][gc,marking    ] GC(5) Concurrent Mark From Roots 436.129ms
[2021-05-15T18:49:43.162+0100][gc,marking    ] GC(5) Concurrent Preclean
[2021-05-15T18:49:43.167+0100][gc,marking    ] GC(5) Concurrent Preclean 4.839ms
[2021-05-15T18:49:43.191+0100][gc,marking    ] GC(5) Concurrent Mark (41.787s, 42.441s) 654.379ms
[2021-05-15T18:49:43.201+0100][gc,start      ] GC(5) Pause Remark
[2021-05-15T18:49:43.565+0100][gc,stringtable] GC(5) Cleaned string and symbol table, strings: 10020 processed, 10 removed, symbols: 81710 processed, 12 removed
[2021-05-15T18:49:43.583+0100][gc,mmu        ] GC(5) MMU target violated: 21.0ms (20.0ms/21.0ms)
[2021-05-15T18:49:43.585+0100][gc            ] GC(5) Pause Remark 145M->145M(1024M) 384.421ms
[2021-05-15T18:49:43.590+0100][gc,cpu        ] GC(5) User=0.51s Sys=0.35s Real=0.43s
[2021-05-15T18:49:43.591+0100][gc,marking    ] GC(5) Concurrent Rebuild Remembered Sets
[2021-05-15T18:49:43.627+0100][gc,marking    ] GC(5) Concurrent Rebuild Remembered Sets 35.714ms
[2021-05-15T18:49:43.632+0100][gc,start      ] GC(5) Pause Cleanup
[2021-05-15T18:49:43.633+0100][gc            ] GC(5) Pause Cleanup 145M->145M(1024M) 0.626ms
[2021-05-15T18:49:43.633+0100][gc,cpu        ] GC(5) User=0.00s Sys=0.00s Real=0.00s
[2021-05-15T18:49:43.638+0100][gc,marking    ] GC(5) Concurrent Cleanup for Next Mark
[2021-05-15T18:49:43.674+0100][gc,marking    ] GC(5) Concurrent Cleanup for Next Mark 36.471ms
[2021-05-15T18:49:43.675+0100][gc            ] GC(5) Concurrent Cycle 1307.247ms
[2021-05-15T18:51:23.871+0100][gc,heap,exit  ] Heap
[2021-05-15T18:51:23.872+0100][gc,heap,exit  ]  garbage-first heap   total 1048576K, used 176227K [0x00000000c0000000, 0x0000000100000000)
[2021-05-15T18:51:23.872+0100][gc,heap,exit  ]   region size 1024K, 34 young (34816K), 2 survivors (2048K)
[2021-05-15T18:51:23.873+0100][gc,heap,exit  ]  Metaspace       used 38660K, capacity 40337K, committed 40448K, reserved 1085440K
[2021-05-15T18:51:23.875+0100][gc,heap,exit  ]   class space    used 4592K, capacity 5369K, committed 5376K, reserved 1048576K
