[2021-05-15T18:48:49.396+0100][gc,heap] Heap region size: 1M
[2021-05-15T18:48:49.404+0100][gc     ] Using G1
[2021-05-15T18:48:49.404+0100][gc,heap,coops] Heap address: 0x00000000c0000000, size: 1024 MB, Compressed Oops mode: 32-bit
[2021-05-15T18:48:49.405+0100][gc,cds       ] Mark closed archive regions in map: [0x00000000fff00000, 0x00000000fff6aff8]
[2021-05-15T18:48:49.405+0100][gc,cds       ] Mark open archive regions in map: [0x00000000ffe00000, 0x00000000ffe46ff8]
[2021-05-15T18:48:51.714+0100][gc,start     ] GC(0) Pause Young (Normal) (G1 Evacuation Pause)
[2021-05-15T18:48:51.715+0100][gc,task      ] GC(0) Using 4 workers of 4 for evacuation
[2021-05-15T18:48:51.746+0100][gc,mmu       ] GC(0) MMU target violated: 21.0ms (20.0ms/21.0ms)
[2021-05-15T18:48:51.790+0100][gc,phases    ] GC(0)   Pre Evacuate Collection Set: 0.0ms
[2021-05-15T18:48:51.791+0100][gc,phases    ] GC(0)   Evacuate Collection Set: 29.9ms
[2021-05-15T18:48:51.791+0100][gc,phases    ] GC(0)   Post Evacuate Collection Set: 0.7ms
[2021-05-15T18:48:51.792+0100][gc,phases    ] GC(0)   Other: 45.1ms
[2021-05-15T18:48:51.793+0100][gc,heap      ] GC(0) Eden regions: 51->0(44)
[2021-05-15T18:48:51.794+0100][gc,heap      ] GC(0) Survivor regions: 0->7(7)
[2021-05-15T18:48:51.795+0100][gc,heap      ] GC(0) Old regions: 2->2
[2021-05-15T18:48:51.796+0100][gc,heap      ] GC(0) Humongous regions: 0->0
[2021-05-15T18:48:51.798+0100][gc,metaspace ] GC(0) Metaspace: 15558K->15558K(1062912K)
[2021-05-15T18:48:51.799+0100][gc           ] GC(0) Pause Young (Normal) (G1 Evacuation Pause) 51M->7M(1024M) 84.647ms
[2021-05-15T18:48:51.799+0100][gc,cpu       ] GC(0) User=0.06s Sys=0.05s Real=0.09s
[2021-05-15T18:48:52.372+0100][gc,start     ] GC(1) Pause Young (Concurrent Start) (Metadata GC Threshold)
[2021-05-15T18:48:52.373+0100][gc,task      ] GC(1) Using 4 workers of 4 for evacuation
[2021-05-15T18:48:52.415+0100][gc,mmu       ] GC(1) MMU target violated: 21.0ms (20.0ms/21.0ms)
[2021-05-15T18:48:52.415+0100][gc,phases    ] GC(1)   Pre Evacuate Collection Set: 0.1ms
[2021-05-15T18:48:52.415+0100][gc,phases    ] GC(1)   Evacuate Collection Set: 40.9ms
[2021-05-15T18:48:52.415+0100][gc,phases    ] GC(1)   Post Evacuate Collection Set: 0.7ms
[2021-05-15T18:48:52.415+0100][gc,phases    ] GC(1)   Other: 1.0ms
[2021-05-15T18:48:52.416+0100][gc,heap      ] GC(1) Eden regions: 21->0(50)
[2021-05-15T18:48:52.416+0100][gc,heap      ] GC(1) Survivor regions: 7->1(7)
[2021-05-15T18:48:52.416+0100][gc,heap      ] GC(1) Old regions: 2->9
[2021-05-15T18:48:52.416+0100][gc,heap      ] GC(1) Humongous regions: 0->0
[2021-05-15T18:48:52.416+0100][gc,metaspace ] GC(1) Metaspace: 20538K->20538K(1067008K)
[2021-05-15T18:48:52.416+0100][gc           ] GC(1) Pause Young (Concurrent Start) (Metadata GC Threshold) 27M->7M(1024M) 43.965ms
[2021-05-15T18:48:52.416+0100][gc,cpu       ] GC(1) User=0.09s Sys=0.07s Real=0.04s
[2021-05-15T18:48:52.417+0100][gc           ] GC(2) Concurrent Cycle
[2021-05-15T18:48:52.420+0100][gc,marking   ] GC(2) Concurrent Clear Claimed Marks
[2021-05-15T18:48:52.421+0100][gc,marking   ] GC(2) Concurrent Clear Claimed Marks 0.289ms
[2021-05-15T18:48:52.421+0100][gc,marking   ] GC(2) Concurrent Scan Root Regions
[2021-05-15T18:48:52.422+0100][gc,marking   ] GC(2) Concurrent Scan Root Regions 0.963ms
[2021-05-15T18:48:52.422+0100][gc,marking   ] GC(2) Concurrent Mark (3.127s)
[2021-05-15T18:48:52.422+0100][gc,marking   ] GC(2) Concurrent Mark From Roots
[2021-05-15T18:48:52.422+0100][gc,task      ] GC(2) Using 1 workers of 1 for marking
[2021-05-15T18:48:52.431+0100][gc,marking   ] GC(2) Concurrent Mark From Roots 9.091ms
[2021-05-15T18:48:52.431+0100][gc,marking   ] GC(2) Concurrent Preclean
[2021-05-15T18:48:52.432+0100][gc,marking   ] GC(2) Concurrent Preclean 0.280ms
[2021-05-15T18:48:52.432+0100][gc,marking   ] GC(2) Concurrent Mark (3.127s, 3.137s) 10.015ms
[2021-05-15T18:48:52.432+0100][gc,start     ] GC(2) Pause Remark
[2021-05-15T18:48:52.435+0100][gc,stringtable] GC(2) Cleaned string and symbol table, strings: 5004 processed, 0 removed, symbols: 49706 processed, 42 removed
[2021-05-15T18:48:52.436+0100][gc            ] GC(2) Pause Remark 8M->8M(1024M) 3.578ms
[2021-05-15T18:48:52.436+0100][gc,cpu        ] GC(2) User=0.01s Sys=0.00s Real=0.00s
[2021-05-15T18:48:52.436+0100][gc,marking    ] GC(2) Concurrent Rebuild Remembered Sets
[2021-05-15T18:48:52.442+0100][gc,marking    ] GC(2) Concurrent Rebuild Remembered Sets 5.237ms
[2021-05-15T18:48:52.442+0100][gc,start      ] GC(2) Pause Cleanup
[2021-05-15T18:48:52.443+0100][gc            ] GC(2) Pause Cleanup 8M->8M(1024M) 0.472ms
[2021-05-15T18:48:52.443+0100][gc,cpu        ] GC(2) User=0.00s Sys=0.00s Real=0.00s
[2021-05-15T18:48:52.443+0100][gc,marking    ] GC(2) Concurrent Cleanup for Next Mark
[2021-05-15T18:48:52.462+0100][gc,marking    ] GC(2) Concurrent Cleanup for Next Mark 18.947ms
[2021-05-15T18:48:52.462+0100][gc            ] GC(2) Concurrent Cycle 45.616ms
[2021-05-15T18:48:53.941+0100][gc,start      ] GC(3) Pause Young (Normal) (G1 Evacuation Pause)
[2021-05-15T18:48:53.941+0100][gc,task       ] GC(3) Using 4 workers of 4 for evacuation
[2021-05-15T18:48:53.947+0100][gc,phases     ] GC(3)   Pre Evacuate Collection Set: 0.0ms
[2021-05-15T18:48:53.948+0100][gc,phases     ] GC(3)   Evacuate Collection Set: 5.4ms
[2021-05-15T18:48:53.948+0100][gc,phases     ] GC(3)   Post Evacuate Collection Set: 0.6ms
[2021-05-15T18:48:53.948+0100][gc,phases     ] GC(3)   Other: 0.6ms
[2021-05-15T18:48:53.949+0100][gc,heap       ] GC(3) Eden regions: 50->0(46)
[2021-05-15T18:48:53.949+0100][gc,heap       ] GC(3) Survivor regions: 1->5(7)
[2021-05-15T18:48:53.949+0100][gc,heap       ] GC(3) Old regions: 9->9
[2021-05-15T18:48:53.949+0100][gc,heap       ] GC(3) Humongous regions: 129->129
[2021-05-15T18:48:53.949+0100][gc,metaspace  ] GC(3) Metaspace: 30178K->30178K(1077248K)
[2021-05-15T18:48:53.950+0100][gc            ] GC(3) Pause Young (Normal) (G1 Evacuation Pause) 186M->140M(1024M) 8.762ms
[2021-05-15T18:48:53.950+0100][gc,cpu        ] GC(3) User=0.02s Sys=0.00s Real=0.02s
[2021-05-15T18:49:40.868+0100][gc,start      ] GC(4) Pause Young (Concurrent Start) (Metadata GC Threshold)
[2021-05-15T18:49:40.869+0100][gc,task       ] GC(4) Using 4 workers of 4 for evacuation
[2021-05-15T18:49:41.060+0100][gc,mmu        ] GC(4) MMU target violated: 21.0ms (20.0ms/21.0ms)
[2021-05-15T18:49:41.079+0100][gc,phases     ] GC(4)   Pre Evacuate Collection Set: 0.8ms
[2021-05-15T18:49:41.083+0100][gc,phases     ] GC(4)   Evacuate Collection Set: 157.9ms
[2021-05-15T18:49:41.127+0100][gc,phases     ] GC(4)   Post Evacuate Collection Set: 16.3ms
[2021-05-15T18:49:41.146+0100][gc,phases     ] GC(4)   Other: 35.9ms
[2021-05-15T18:49:41.152+0100][gc,heap       ] GC(4) Eden regions: 21->0(49)
[2021-05-15T18:49:41.172+0100][gc,heap       ] GC(4) Survivor regions: 5->2(7)
[2021-05-15T18:49:41.177+0100][gc,heap       ] GC(4) Old regions: 9->13
[2021-05-15T18:49:41.192+0100][gc,heap       ] GC(4) Humongous regions: 129->129
[2021-05-15T18:49:41.193+0100][gc,metaspace  ] GC(4) Metaspace: 34643K->34643K(1081344K)
[2021-05-15T18:49:41.195+0100][gc            ] GC(4) Pause Young (Concurrent Start) (Metadata GC Threshold) 160M->141M(1024M) 326.819ms
[2021-05-15T18:49:41.195+0100][gc,cpu        ] GC(4) User=0.21s Sys=0.08s Real=0.34s
[2021-05-15T18:49:41.196+0100][gc            ] GC(5) Concurrent Cycle
[2021-05-15T18:49:41.198+0100][gc,marking    ] GC(5) Concurrent Clear Claimed Marks
[2021-05-15T18:49:41.222+0100][gc,marking    ] GC(5) Concurrent Clear Claimed Marks 24.029ms
[2021-05-15T18:49:41.237+0100][gc,marking    ] GC(5) Concurrent Scan Root Regions
[2021-05-15T18:49:41.240+0100][gc,marking    ] GC(5) Concurrent Scan Root Regions 2.490ms
[2021-05-15T18:49:41.270+0100][gc,marking    ] GC(5) Concurrent Mark (51.975s)
[2021-05-15T18:49:41.270+0100][gc,marking    ] GC(5) Concurrent Mark From Roots
[2021-05-15T18:49:41.271+0100][gc,task       ] GC(5) Using 1 workers of 1 for marking
[2021-05-15T18:49:41.295+0100][gc,marking    ] GC(5) Concurrent Mark From Roots 24.514ms
[2021-05-15T18:49:41.296+0100][gc,marking    ] GC(5) Concurrent Preclean
[2021-05-15T18:49:41.297+0100][gc,marking    ] GC(5) Concurrent Preclean 0.952ms
[2021-05-15T18:49:41.519+0100][gc,marking    ] GC(5) Concurrent Mark (51.975s, 52.225s) 249.115ms
[2021-05-15T18:49:41.526+0100][gc,start      ] GC(5) Pause Remark
[2021-05-15T18:49:41.533+0100][gc,stringtable] GC(5) Cleaned string and symbol table, strings: 10046 processed, 12 removed, symbols: 81332 processed, 14 removed
[2021-05-15T18:49:41.534+0100][gc            ] GC(5) Pause Remark 144M->144M(1024M) 8.132ms
[2021-05-15T18:49:41.535+0100][gc,cpu        ] GC(5) User=0.01s Sys=0.00s Real=0.01s
[2021-05-15T18:49:41.536+0100][gc,marking    ] GC(5) Concurrent Rebuild Remembered Sets
[2021-05-15T18:49:41.547+0100][gc,marking    ] GC(5) Concurrent Rebuild Remembered Sets 10.818ms
[2021-05-15T18:49:41.548+0100][gc,start      ] GC(5) Pause Cleanup
[2021-05-15T18:49:41.552+0100][gc            ] GC(5) Pause Cleanup 144M->144M(1024M) 4.693ms
[2021-05-15T18:49:41.553+0100][gc,cpu        ] GC(5) User=0.00s Sys=0.00s Real=0.01s
[2021-05-15T18:49:41.553+0100][gc,marking    ] GC(5) Concurrent Cleanup for Next Mark
[2021-05-15T18:49:41.681+0100][gc,marking    ] GC(5) Concurrent Cleanup for Next Mark 127.871ms
[2021-05-15T18:49:41.710+0100][gc            ] GC(5) Concurrent Cycle 513.601ms
[2021-05-15T18:51:08.789+0100][gc,heap,exit  ] Heap
[2021-05-15T18:51:08.789+0100][gc,heap,exit  ]  garbage-first heap   total 1048576K, used 173818K [0x00000000c0000000, 0x0000000100000000)
[2021-05-15T18:51:08.789+0100][gc,heap,exit  ]   region size 1024K, 32 young (32768K), 2 survivors (2048K)
[2021-05-15T18:51:08.789+0100][gc,heap,exit  ]  Metaspace       used 38581K, capacity 40231K, committed 40448K, reserved 1085440K
[2021-05-15T18:51:08.790+0100][gc,heap,exit  ]   class space    used 4586K, capacity 5354K, committed 5376K, reserved 1048576K
