[2021-05-15T18:49:14.825+0100][gc,heap] Heap region size: 1M
[2021-05-15T18:49:14.849+0100][gc     ] Using G1
[2021-05-15T18:49:14.849+0100][gc,heap,coops] Heap address: 0x00000000c0000000, size: 1024 MB, Compressed Oops mode: 32-bit
[2021-05-15T18:49:14.850+0100][gc,cds       ] Mark closed archive regions in map: [0x00000000fff00000, 0x00000000fff6aff8]
[2021-05-15T18:49:14.850+0100][gc,cds       ] Mark open archive regions in map: [0x00000000ffe00000, 0x00000000ffe46ff8]
[2021-05-15T18:49:19.993+0100][gc,start     ] GC(0) Pause Young (Normal) (G1 Evacuation Pause)
[2021-05-15T18:49:20.019+0100][gc,task      ] GC(0) Using 4 workers of 4 for evacuation
[2021-05-15T18:49:20.046+0100][gc,mmu       ] GC(0) MMU target violated: 21.0ms (20.0ms/21.0ms)
[2021-05-15T18:49:20.064+0100][gc,phases    ] GC(0)   Pre Evacuate Collection Set: 3.2ms
[2021-05-15T18:49:20.065+0100][gc,phases    ] GC(0)   Evacuate Collection Set: 22.0ms
[2021-05-15T18:49:20.065+0100][gc,phases    ] GC(0)   Post Evacuate Collection Set: 0.9ms
[2021-05-15T18:49:20.065+0100][gc,phases    ] GC(0)   Other: 45.2ms
[2021-05-15T18:49:20.065+0100][gc,heap      ] GC(0) Eden regions: 51->0(44)
[2021-05-15T18:49:20.065+0100][gc,heap      ] GC(0) Survivor regions: 0->7(7)
[2021-05-15T18:49:20.065+0100][gc,heap      ] GC(0) Old regions: 2->2
[2021-05-15T18:49:20.066+0100][gc,heap      ] GC(0) Humongous regions: 0->0
[2021-05-15T18:49:20.066+0100][gc,metaspace ] GC(0) Metaspace: 15520K->15520K(1062912K)
[2021-05-15T18:49:20.066+0100][gc           ] GC(0) Pause Young (Normal) (G1 Evacuation Pause) 51M->7M(1024M) 72.741ms
[2021-05-15T18:49:20.066+0100][gc,cpu       ] GC(0) User=0.09s Sys=0.03s Real=0.07s
[2021-05-15T18:49:20.631+0100][gc,start     ] GC(1) Pause Young (Concurrent Start) (Metadata GC Threshold)
[2021-05-15T18:49:20.631+0100][gc,task      ] GC(1) Using 4 workers of 4 for evacuation
[2021-05-15T18:49:20.656+0100][gc,mmu       ] GC(1) MMU target violated: 21.0ms (20.0ms/21.0ms)
[2021-05-15T18:49:20.657+0100][gc,phases    ] GC(1)   Pre Evacuate Collection Set: 0.1ms
[2021-05-15T18:49:20.657+0100][gc,phases    ] GC(1)   Evacuate Collection Set: 22.9ms
[2021-05-15T18:49:20.657+0100][gc,phases    ] GC(1)   Post Evacuate Collection Set: 0.5ms
[2021-05-15T18:49:20.657+0100][gc,phases    ] GC(1)   Other: 2.6ms
[2021-05-15T18:49:20.657+0100][gc,heap      ] GC(1) Eden regions: 21->0(50)
[2021-05-15T18:49:20.657+0100][gc,heap      ] GC(1) Survivor regions: 7->1(7)
[2021-05-15T18:49:20.658+0100][gc,heap      ] GC(1) Old regions: 2->9
[2021-05-15T18:49:20.658+0100][gc,heap      ] GC(1) Humongous regions: 0->0
[2021-05-15T18:49:20.658+0100][gc,metaspace ] GC(1) Metaspace: 20601K->20601K(1067008K)
[2021-05-15T18:49:20.658+0100][gc           ] GC(1) Pause Young (Concurrent Start) (Metadata GC Threshold) 28M->8M(1024M) 27.390ms
[2021-05-15T18:49:20.658+0100][gc,cpu       ] GC(1) User=0.04s Sys=0.04s Real=0.02s
[2021-05-15T18:49:20.659+0100][gc           ] GC(2) Concurrent Cycle
[2021-05-15T18:49:20.659+0100][gc,marking   ] GC(2) Concurrent Clear Claimed Marks
[2021-05-15T18:49:20.659+0100][gc,marking   ] GC(2) Concurrent Clear Claimed Marks 0.235ms
[2021-05-15T18:49:20.660+0100][gc,marking   ] GC(2) Concurrent Scan Root Regions
[2021-05-15T18:49:20.661+0100][gc,marking   ] GC(2) Concurrent Scan Root Regions 1.367ms
[2021-05-15T18:49:20.661+0100][gc,marking   ] GC(2) Concurrent Mark (5.963s)
[2021-05-15T18:49:20.661+0100][gc,marking   ] GC(2) Concurrent Mark From Roots
[2021-05-15T18:49:20.661+0100][gc,task      ] GC(2) Using 1 workers of 1 for marking
[2021-05-15T18:49:20.671+0100][gc,marking   ] GC(2) Concurrent Mark From Roots 9.559ms
[2021-05-15T18:49:20.671+0100][gc,marking   ] GC(2) Concurrent Preclean
[2021-05-15T18:49:20.671+0100][gc,marking   ] GC(2) Concurrent Preclean 0.346ms
[2021-05-15T18:49:20.672+0100][gc,marking   ] GC(2) Concurrent Mark (5.963s, 5.973s) 10.431ms
[2021-05-15T18:49:20.672+0100][gc,start     ] GC(2) Pause Remark
[2021-05-15T18:49:20.674+0100][gc,stringtable] GC(2) Cleaned string and symbol table, strings: 5016 processed, 0 removed, symbols: 50533 processed, 39 removed
[2021-05-15T18:49:20.675+0100][gc            ] GC(2) Pause Remark 9M->9M(1024M) 2.900ms
[2021-05-15T18:49:20.675+0100][gc,cpu        ] GC(2) User=0.00s Sys=0.00s Real=0.00s
[2021-05-15T18:49:20.675+0100][gc,marking    ] GC(2) Concurrent Rebuild Remembered Sets
[2021-05-15T18:49:20.680+0100][gc,marking    ] GC(2) Concurrent Rebuild Remembered Sets 4.853ms
[2021-05-15T18:49:20.681+0100][gc,start      ] GC(2) Pause Cleanup
[2021-05-15T18:49:20.681+0100][gc            ] GC(2) Pause Cleanup 9M->9M(1024M) 0.425ms
[2021-05-15T18:49:20.681+0100][gc,cpu        ] GC(2) User=0.00s Sys=0.00s Real=0.00s
[2021-05-15T18:49:20.681+0100][gc,marking    ] GC(2) Concurrent Cleanup for Next Mark
[2021-05-15T18:49:20.722+0100][gc,marking    ] GC(2) Concurrent Cleanup for Next Mark 40.542ms
[2021-05-15T18:49:20.722+0100][gc            ] GC(2) Concurrent Cycle 63.956ms
[2021-05-15T18:49:22.274+0100][gc,start      ] GC(3) Pause Young (Normal) (G1 Evacuation Pause)
[2021-05-15T18:49:22.275+0100][gc,task       ] GC(3) Using 4 workers of 4 for evacuation
[2021-05-15T18:49:22.283+0100][gc,phases     ] GC(3)   Pre Evacuate Collection Set: 0.0ms
[2021-05-15T18:49:22.284+0100][gc,phases     ] GC(3)   Evacuate Collection Set: 7.8ms
[2021-05-15T18:49:22.284+0100][gc,phases     ] GC(3)   Post Evacuate Collection Set: 0.3ms
[2021-05-15T18:49:22.284+0100][gc,phases     ] GC(3)   Other: 0.6ms
[2021-05-15T18:49:22.284+0100][gc,heap       ] GC(3) Eden regions: 50->0(46)
[2021-05-15T18:49:22.285+0100][gc,heap       ] GC(3) Survivor regions: 1->5(7)
[2021-05-15T18:49:22.285+0100][gc,heap       ] GC(3) Old regions: 9->9
[2021-05-15T18:49:22.285+0100][gc,heap       ] GC(3) Humongous regions: 129->129
[2021-05-15T18:49:22.285+0100][gc,metaspace  ] GC(3) Metaspace: 30278K->30278K(1077248K)
[2021-05-15T18:49:22.285+0100][gc            ] GC(3) Pause Young (Normal) (G1 Evacuation Pause) 187M->140M(1024M) 10.842ms
[2021-05-15T18:49:22.285+0100][gc,cpu        ] GC(3) User=0.01s Sys=0.00s Real=0.01s
[2021-05-15T18:49:41.543+0100][gc,start      ] GC(4) Pause Young (Concurrent Start) (Metadata GC Threshold)
[2021-05-15T18:49:41.547+0100][gc,task       ] GC(4) Using 4 workers of 4 for evacuation
[2021-05-15T18:49:41.667+0100][gc,mmu        ] GC(4) MMU target violated: 21.0ms (20.0ms/21.0ms)
[2021-05-15T18:49:41.670+0100][gc,phases     ] GC(4)   Pre Evacuate Collection Set: 0.1ms
[2021-05-15T18:49:41.709+0100][gc,phases     ] GC(4)   Evacuate Collection Set: 113.9ms
[2021-05-15T18:49:41.710+0100][gc,phases     ] GC(4)   Post Evacuate Collection Set: 5.0ms
[2021-05-15T18:49:41.710+0100][gc,phases     ] GC(4)   Other: 8.1ms
[2021-05-15T18:49:41.710+0100][gc,heap       ] GC(4) Eden regions: 20->0(49)
[2021-05-15T18:49:41.721+0100][gc,heap       ] GC(4) Survivor regions: 5->2(7)
[2021-05-15T18:49:41.722+0100][gc,heap       ] GC(4) Old regions: 9->13
[2021-05-15T18:49:41.751+0100][gc,heap       ] GC(4) Humongous regions: 129->129
[2021-05-15T18:49:41.752+0100][gc,metaspace  ] GC(4) Metaspace: 34662K->34662K(1081344K)
[2021-05-15T18:49:41.759+0100][gc            ] GC(4) Pause Young (Concurrent Start) (Metadata GC Threshold) 159M->141M(1024M) 216.363ms
[2021-05-15T18:49:41.759+0100][gc,cpu        ] GC(4) User=0.13s Sys=0.03s Real=0.21s
[2021-05-15T18:49:41.777+0100][gc            ] GC(5) Concurrent Cycle
[2021-05-15T18:49:41.827+0100][gc,marking    ] GC(5) Concurrent Clear Claimed Marks
[2021-05-15T18:49:41.832+0100][gc,marking    ] GC(5) Concurrent Clear Claimed Marks 4.352ms
[2021-05-15T18:49:41.886+0100][gc,marking    ] GC(5) Concurrent Scan Root Regions
[2021-05-15T18:49:41.962+0100][gc,marking    ] GC(5) Concurrent Scan Root Regions 75.137ms
[2021-05-15T18:49:42.257+0100][gc,marking    ] GC(5) Concurrent Mark (27.558s)
[2021-05-15T18:49:42.257+0100][gc,marking    ] GC(5) Concurrent Mark From Roots
[2021-05-15T18:49:42.258+0100][gc,task       ] GC(5) Using 1 workers of 1 for marking
[2021-05-15T18:49:42.282+0100][gc,marking    ] GC(5) Concurrent Mark From Roots 24.916ms
[2021-05-15T18:49:42.318+0100][gc,marking    ] GC(5) Concurrent Preclean
[2021-05-15T18:49:42.334+0100][gc,marking    ] GC(5) Concurrent Preclean 15.914ms
[2021-05-15T18:49:42.367+0100][gc,marking    ] GC(5) Concurrent Mark (27.558s, 27.669s) 110.287ms
[2021-05-15T18:49:42.398+0100][gc,start      ] GC(5) Pause Remark
[2021-05-15T18:49:42.412+0100][gc,stringtable] GC(5) Cleaned string and symbol table, strings: 10006 processed, 12 removed, symbols: 81823 processed, 13 removed
[2021-05-15T18:49:42.413+0100][gc            ] GC(5) Pause Remark 144M->144M(1024M) 14.580ms
[2021-05-15T18:49:42.416+0100][gc,cpu        ] GC(5) User=0.01s Sys=0.00s Real=0.02s
[2021-05-15T18:49:42.458+0100][gc,marking    ] GC(5) Concurrent Rebuild Remembered Sets
[2021-05-15T18:49:42.575+0100][gc,marking    ] GC(5) Concurrent Rebuild Remembered Sets 116.623ms
[2021-05-15T18:49:42.578+0100][gc,start      ] GC(5) Pause Cleanup
[2021-05-15T18:49:42.621+0100][gc            ] GC(5) Pause Cleanup 144M->144M(1024M) 43.192ms
[2021-05-15T18:49:42.667+0100][gc,cpu        ] GC(5) User=0.00s Sys=0.00s Real=0.09s
[2021-05-15T18:49:42.717+0100][gc,marking    ] GC(5) Concurrent Cleanup for Next Mark
[2021-05-15T18:49:42.793+0100][gc,marking    ] GC(5) Concurrent Cleanup for Next Mark 76.103ms
[2021-05-15T18:49:42.801+0100][gc            ] GC(5) Concurrent Cycle 1024.015ms
[2021-05-15T18:51:11.287+0100][gc,heap,exit  ] Heap
[2021-05-15T18:51:11.288+0100][gc,heap,exit  ]  garbage-first heap   total 1048576K, used 175976K [0x00000000c0000000, 0x0000000100000000)
[2021-05-15T18:51:11.288+0100][gc,heap,exit  ]   region size 1024K, 33 young (33792K), 2 survivors (2048K)
[2021-05-15T18:51:11.288+0100][gc,heap,exit  ]  Metaspace       used 38668K, capacity 40393K, committed 40448K, reserved 1085440K
[2021-05-15T18:51:11.288+0100][gc,heap,exit  ]   class space    used 4603K, capacity 5372K, committed 5376K, reserved 1048576K
