[2021-05-15T18:28:04.157+0100][gc,heap] Heap region size: 1M
[2021-05-15T18:28:04.165+0100][gc     ] Using G1
[2021-05-15T18:28:04.166+0100][gc,heap,coops] Heap address: 0x00000000c0000000, size: 1024 MB, Compressed Oops mode: 32-bit
[2021-05-15T18:28:04.166+0100][gc,cds       ] Mark closed archive regions in map: [0x00000000fff00000, 0x00000000fff6aff8]
[2021-05-15T18:28:04.167+0100][gc,cds       ] Mark open archive regions in map: [0x00000000ffe00000, 0x00000000ffe46ff8]
[2021-05-15T18:28:06.333+0100][gc,start     ] GC(0) Pause Young (Normal) (G1 Evacuation Pause)
[2021-05-15T18:28:06.334+0100][gc,task      ] GC(0) Using 4 workers of 4 for evacuation
[2021-05-15T18:28:06.361+0100][gc,mmu       ] GC(0) MMU target violated: 21.0ms (20.0ms/21.0ms)
[2021-05-15T18:28:06.362+0100][gc,phases    ] GC(0)   Pre Evacuate Collection Set: 0.0ms
[2021-05-15T18:28:06.362+0100][gc,phases    ] GC(0)   Evacuate Collection Set: 26.3ms
[2021-05-15T18:28:06.362+0100][gc,phases    ] GC(0)   Post Evacuate Collection Set: 0.7ms
[2021-05-15T18:28:06.362+0100][gc,phases    ] GC(0)   Other: 1.6ms
[2021-05-15T18:28:06.362+0100][gc,heap      ] GC(0) Eden regions: 51->0(44)
[2021-05-15T18:28:06.362+0100][gc,heap      ] GC(0) Survivor regions: 0->7(7)
[2021-05-15T18:28:06.363+0100][gc,heap      ] GC(0) Old regions: 2->2
[2021-05-15T18:28:06.363+0100][gc,heap      ] GC(0) Humongous regions: 0->0
[2021-05-15T18:28:06.363+0100][gc,metaspace ] GC(0) Metaspace: 15339K->15339K(1062912K)
[2021-05-15T18:28:06.363+0100][gc           ] GC(0) Pause Young (Normal) (G1 Evacuation Pause) 51M->6M(1024M) 30.366ms
[2021-05-15T18:28:06.363+0100][gc,cpu       ] GC(0) User=0.02s Sys=0.08s Real=0.03s
[2021-05-15T18:28:06.929+0100][gc,start     ] GC(1) Pause Young (Concurrent Start) (Metadata GC Threshold)
[2021-05-15T18:28:06.930+0100][gc,task      ] GC(1) Using 4 workers of 4 for evacuation
[2021-05-15T18:28:06.953+0100][gc,mmu       ] GC(1) MMU target violated: 21.0ms (20.0ms/21.0ms)
[2021-05-15T18:28:06.954+0100][gc,phases    ] GC(1)   Pre Evacuate Collection Set: 0.1ms
[2021-05-15T18:28:06.954+0100][gc,phases    ] GC(1)   Evacuate Collection Set: 22.5ms
[2021-05-15T18:28:06.954+0100][gc,phases    ] GC(1)   Post Evacuate Collection Set: 0.6ms
[2021-05-15T18:28:06.955+0100][gc,phases    ] GC(1)   Other: 1.3ms
[2021-05-15T18:28:06.955+0100][gc,heap      ] GC(1) Eden regions: 22->0(50)
[2021-05-15T18:28:06.955+0100][gc,heap      ] GC(1) Survivor regions: 7->1(7)
[2021-05-15T18:28:06.955+0100][gc,heap      ] GC(1) Old regions: 2->9
[2021-05-15T18:28:06.956+0100][gc,heap      ] GC(1) Humongous regions: 0->0
[2021-05-15T18:28:06.956+0100][gc,metaspace ] GC(1) Metaspace: 20563K->20563K(1067008K)
[2021-05-15T18:28:06.956+0100][gc           ] GC(1) Pause Young (Concurrent Start) (Metadata GC Threshold) 28M->7M(1024M) 26.690ms
[2021-05-15T18:28:06.956+0100][gc,cpu       ] GC(1) User=0.05s Sys=0.03s Real=0.02s
[2021-05-15T18:28:06.956+0100][gc           ] GC(2) Concurrent Cycle
[2021-05-15T18:28:06.956+0100][gc,marking   ] GC(2) Concurrent Clear Claimed Marks
[2021-05-15T18:28:06.957+0100][gc,marking   ] GC(2) Concurrent Clear Claimed Marks 0.235ms
[2021-05-15T18:28:06.957+0100][gc,marking   ] GC(2) Concurrent Scan Root Regions
[2021-05-15T18:28:06.958+0100][gc,marking   ] GC(2) Concurrent Scan Root Regions 0.930ms
[2021-05-15T18:28:06.958+0100][gc,marking   ] GC(2) Concurrent Mark (2.861s)
[2021-05-15T18:28:06.958+0100][gc,marking   ] GC(2) Concurrent Mark From Roots
[2021-05-15T18:28:06.958+0100][gc,task      ] GC(2) Using 1 workers of 1 for marking
[2021-05-15T18:28:06.970+0100][gc,marking   ] GC(2) Concurrent Mark From Roots 12.115ms
[2021-05-15T18:28:06.971+0100][gc,marking   ] GC(2) Concurrent Preclean
[2021-05-15T18:28:06.971+0100][gc,marking   ] GC(2) Concurrent Preclean 0.451ms
[2021-05-15T18:28:06.971+0100][gc,marking   ] GC(2) Concurrent Mark (2.861s, 2.874s) 13.383ms
[2021-05-15T18:28:06.972+0100][gc,start     ] GC(2) Pause Remark
[2021-05-15T18:28:06.975+0100][gc,stringtable] GC(2) Cleaned string and symbol table, strings: 5028 processed, 0 removed, symbols: 50466 processed, 39 removed
[2021-05-15T18:28:06.976+0100][gc            ] GC(2) Pause Remark 8M->8M(1024M) 4.219ms
[2021-05-15T18:28:06.976+0100][gc,cpu        ] GC(2) User=0.01s Sys=0.00s Real=0.00s
[2021-05-15T18:28:06.977+0100][gc,marking    ] GC(2) Concurrent Rebuild Remembered Sets
[2021-05-15T18:28:06.982+0100][gc,marking    ] GC(2) Concurrent Rebuild Remembered Sets 5.287ms
[2021-05-15T18:28:06.982+0100][gc,start      ] GC(2) Pause Cleanup
[2021-05-15T18:28:06.983+0100][gc            ] GC(2) Pause Cleanup 8M->8M(1024M) 0.531ms
[2021-05-15T18:28:06.983+0100][gc,cpu        ] GC(2) User=0.01s Sys=0.00s Real=0.00s
[2021-05-15T18:28:06.984+0100][gc,marking    ] GC(2) Concurrent Cleanup for Next Mark
[2021-05-15T18:28:06.992+0100][gc,marking    ] GC(2) Concurrent Cleanup for Next Mark 8.798ms
[2021-05-15T18:28:06.993+0100][gc            ] GC(2) Concurrent Cycle 36.453ms
[2021-05-15T18:28:08.394+0100][gc,start      ] GC(3) Pause Young (Normal) (G1 Evacuation Pause)
[2021-05-15T18:28:08.394+0100][gc,task       ] GC(3) Using 4 workers of 4 for evacuation
[2021-05-15T18:28:08.401+0100][gc,phases     ] GC(3)   Pre Evacuate Collection Set: 0.0ms
[2021-05-15T18:28:08.401+0100][gc,phases     ] GC(3)   Evacuate Collection Set: 6.2ms
[2021-05-15T18:28:08.402+0100][gc,phases     ] GC(3)   Post Evacuate Collection Set: 0.6ms
[2021-05-15T18:28:08.402+0100][gc,phases     ] GC(3)   Other: 0.5ms
[2021-05-15T18:28:08.402+0100][gc,heap       ] GC(3) Eden regions: 50->0(46)
[2021-05-15T18:28:08.402+0100][gc,heap       ] GC(3) Survivor regions: 1->5(7)
[2021-05-15T18:28:08.402+0100][gc,heap       ] GC(3) Old regions: 9->9
[2021-05-15T18:28:08.402+0100][gc,heap       ] GC(3) Humongous regions: 129->129
[2021-05-15T18:28:08.403+0100][gc,metaspace  ] GC(3) Metaspace: 29909K->29909K(1077248K)
[2021-05-15T18:28:08.403+0100][gc            ] GC(3) Pause Young (Normal) (G1 Evacuation Pause) 186M->140M(1024M) 9.000ms
[2021-05-15T18:28:08.403+0100][gc,cpu        ] GC(3) User=0.03s Sys=0.00s Real=0.01s
[2021-05-15T18:28:27.806+0100][gc,start      ] GC(4) Pause Young (Concurrent Start) (Metadata GC Threshold)
[2021-05-15T18:28:27.806+0100][gc,task       ] GC(4) Using 4 workers of 4 for evacuation
[2021-05-15T18:28:27.855+0100][gc,mmu        ] GC(4) MMU target violated: 21.0ms (20.0ms/21.0ms)
[2021-05-15T18:28:27.855+0100][gc,phases     ] GC(4)   Pre Evacuate Collection Set: 0.1ms
[2021-05-15T18:28:27.856+0100][gc,phases     ] GC(4)   Evacuate Collection Set: 47.4ms
[2021-05-15T18:28:27.856+0100][gc,phases     ] GC(4)   Post Evacuate Collection Set: 0.7ms
[2021-05-15T18:28:27.856+0100][gc,phases     ] GC(4)   Other: 1.6ms
[2021-05-15T18:28:27.856+0100][gc,heap       ] GC(4) Eden regions: 23->0(49)
[2021-05-15T18:28:27.857+0100][gc,heap       ] GC(4) Survivor regions: 5->2(7)
[2021-05-15T18:28:27.857+0100][gc,heap       ] GC(4) Old regions: 9->13
[2021-05-15T18:28:27.857+0100][gc,heap       ] GC(4) Humongous regions: 129->129
[2021-05-15T18:28:27.857+0100][gc,metaspace  ] GC(4) Metaspace: 34586K->34586K(1081344K)
[2021-05-15T18:28:27.857+0100][gc            ] GC(4) Pause Young (Concurrent Start) (Metadata GC Threshold) 162M->141M(1024M) 51.712ms
[2021-05-15T18:28:27.857+0100][gc,cpu        ] GC(4) User=0.07s Sys=0.08s Real=0.05s
[2021-05-15T18:28:27.858+0100][gc            ] GC(5) Concurrent Cycle
[2021-05-15T18:28:27.858+0100][gc,marking    ] GC(5) Concurrent Clear Claimed Marks
[2021-05-15T18:28:27.858+0100][gc,marking    ] GC(5) Concurrent Clear Claimed Marks 0.270ms
[2021-05-15T18:28:27.859+0100][gc,marking    ] GC(5) Concurrent Scan Root Regions
[2021-05-15T18:28:27.860+0100][gc,marking    ] GC(5) Concurrent Scan Root Regions 1.333ms
[2021-05-15T18:28:27.860+0100][gc,marking    ] GC(5) Concurrent Mark (23.763s)
[2021-05-15T18:28:27.860+0100][gc,marking    ] GC(5) Concurrent Mark From Roots
[2021-05-15T18:28:27.860+0100][gc,task       ] GC(5) Using 1 workers of 1 for marking
[2021-05-15T18:28:27.878+0100][gc,marking    ] GC(5) Concurrent Mark From Roots 17.833ms
[2021-05-15T18:28:27.878+0100][gc,marking    ] GC(5) Concurrent Preclean
[2021-05-15T18:28:27.879+0100][gc,marking    ] GC(5) Concurrent Preclean 0.272ms
[2021-05-15T18:28:27.879+0100][gc,marking    ] GC(5) Concurrent Mark (23.763s, 23.782s) 18.793ms
[2021-05-15T18:28:27.879+0100][gc,start      ] GC(5) Pause Remark
[2021-05-15T18:28:27.882+0100][gc,stringtable] GC(5) Cleaned string and symbol table, strings: 10085 processed, 11 removed, symbols: 79859 processed, 9 removed
[2021-05-15T18:28:27.884+0100][gc            ] GC(5) Pause Remark 142M->142M(1024M) 4.726ms
[2021-05-15T18:28:27.885+0100][gc,cpu        ] GC(5) User=0.01s Sys=0.01s Real=0.00s
[2021-05-15T18:28:27.885+0100][gc,marking    ] GC(5) Concurrent Rebuild Remembered Sets
[2021-05-15T18:28:27.894+0100][gc,marking    ] GC(5) Concurrent Rebuild Remembered Sets 9.535ms
[2021-05-15T18:28:27.895+0100][gc,start      ] GC(5) Pause Cleanup
[2021-05-15T18:28:27.895+0100][gc            ] GC(5) Pause Cleanup 142M->142M(1024M) 0.469ms
[2021-05-15T18:28:27.896+0100][gc,cpu        ] GC(5) User=0.00s Sys=0.00s Real=0.00s
[2021-05-15T18:28:27.898+0100][gc,marking    ] GC(5) Concurrent Cleanup for Next Mark
[2021-05-15T18:28:27.907+0100][gc,marking    ] GC(5) Concurrent Cleanup for Next Mark 8.956ms
[2021-05-15T18:28:27.907+0100][gc            ] GC(5) Concurrent Cycle 49.662ms
[2021-05-15T18:35:31.031+0100][gc,heap,exit  ] Heap
[2021-05-15T18:35:31.032+0100][gc,heap,exit  ]  garbage-first heap   total 1048576K, used 174844K [0x00000000c0000000, 0x0000000100000000)
[2021-05-15T18:35:31.032+0100][gc,heap,exit  ]   region size 1024K, 32 young (32768K), 2 survivors (2048K)
[2021-05-15T18:35:31.032+0100][gc,heap,exit  ]  Metaspace       used 38315K, capacity 40101K, committed 40320K, reserved 1083392K
[2021-05-15T18:35:31.033+0100][gc,heap,exit  ]   class space    used 4784K, capacity 5647K, committed 5760K, reserved 1048576K
