[2021-05-15T18:45:05.869+0100][gc,heap] Heap region size: 1M
[2021-05-15T18:45:05.878+0100][gc     ] Using G1
[2021-05-15T18:45:05.879+0100][gc,heap,coops] Heap address: 0x00000000c0000000, size: 1024 MB, Compressed Oops mode: 32-bit
[2021-05-15T18:45:05.879+0100][gc,cds       ] Mark closed archive regions in map: [0x00000000fff00000, 0x00000000fff6aff8]
[2021-05-15T18:45:05.880+0100][gc,cds       ] Mark open archive regions in map: [0x00000000ffe00000, 0x00000000ffe46ff8]
[2021-05-15T18:45:08.473+0100][gc,start     ] GC(0) Pause Young (Normal) (G1 Evacuation Pause)
[2021-05-15T18:45:08.474+0100][gc,task      ] GC(0) Using 4 workers of 4 for evacuation
[2021-05-15T18:45:08.488+0100][gc,phases    ] GC(0)   Pre Evacuate Collection Set: 0.0ms
[2021-05-15T18:45:08.488+0100][gc,phases    ] GC(0)   Evacuate Collection Set: 13.0ms
[2021-05-15T18:45:08.489+0100][gc,phases    ] GC(0)   Post Evacuate Collection Set: 0.6ms
[2021-05-15T18:45:08.489+0100][gc,phases    ] GC(0)   Other: 1.0ms
[2021-05-15T18:45:08.489+0100][gc,heap      ] GC(0) Eden regions: 51->0(44)
[2021-05-15T18:45:08.489+0100][gc,heap      ] GC(0) Survivor regions: 0->7(7)
[2021-05-15T18:45:08.490+0100][gc,heap      ] GC(0) Old regions: 2->2
[2021-05-15T18:45:08.490+0100][gc,heap      ] GC(0) Humongous regions: 0->0
[2021-05-15T18:45:08.490+0100][gc,metaspace ] GC(0) Metaspace: 15562K->15562K(1062912K)
[2021-05-15T18:45:08.490+0100][gc           ] GC(0) Pause Young (Normal) (G1 Evacuation Pause) 51M->7M(1024M) 17.162ms
[2021-05-15T18:45:08.490+0100][gc,cpu       ] GC(0) User=0.03s Sys=0.02s Real=0.02s
[2021-05-15T18:45:08.974+0100][gc,start     ] GC(1) Pause Young (Concurrent Start) (Metadata GC Threshold)
[2021-05-15T18:45:08.975+0100][gc,task      ] GC(1) Using 4 workers of 4 for evacuation
[2021-05-15T18:45:09.005+0100][gc,mmu       ] GC(1) MMU target violated: 21.0ms (20.0ms/21.0ms)
[2021-05-15T18:45:09.005+0100][gc,phases    ] GC(1)   Pre Evacuate Collection Set: 0.1ms
[2021-05-15T18:45:09.005+0100][gc,phases    ] GC(1)   Evacuate Collection Set: 28.9ms
[2021-05-15T18:45:09.005+0100][gc,phases    ] GC(1)   Post Evacuate Collection Set: 0.6ms
[2021-05-15T18:45:09.005+0100][gc,phases    ] GC(1)   Other: 0.9ms
[2021-05-15T18:45:09.005+0100][gc,heap      ] GC(1) Eden regions: 21->0(50)
[2021-05-15T18:45:09.006+0100][gc,heap      ] GC(1) Survivor regions: 7->1(7)
[2021-05-15T18:45:09.006+0100][gc,heap      ] GC(1) Old regions: 2->9
[2021-05-15T18:45:09.006+0100][gc,heap      ] GC(1) Humongous regions: 0->0
[2021-05-15T18:45:09.006+0100][gc,metaspace ] GC(1) Metaspace: 20554K->20554K(1067008K)
[2021-05-15T18:45:09.006+0100][gc           ] GC(1) Pause Young (Concurrent Start) (Metadata GC Threshold) 27M->7M(1024M) 31.854ms
[2021-05-15T18:45:09.006+0100][gc,cpu       ] GC(1) User=0.06s Sys=0.04s Real=0.03s
[2021-05-15T18:45:09.007+0100][gc           ] GC(2) Concurrent Cycle
[2021-05-15T18:45:09.007+0100][gc,marking   ] GC(2) Concurrent Clear Claimed Marks
[2021-05-15T18:45:09.007+0100][gc,marking   ] GC(2) Concurrent Clear Claimed Marks 0.272ms
[2021-05-15T18:45:09.007+0100][gc,marking   ] GC(2) Concurrent Scan Root Regions
[2021-05-15T18:45:09.009+0100][gc,marking   ] GC(2) Concurrent Scan Root Regions 1.102ms
[2021-05-15T18:45:09.009+0100][gc,marking   ] GC(2) Concurrent Mark (3.221s)
[2021-05-15T18:45:09.009+0100][gc,marking   ] GC(2) Concurrent Mark From Roots
[2021-05-15T18:45:09.009+0100][gc,task      ] GC(2) Using 1 workers of 1 for marking
[2021-05-15T18:45:09.018+0100][gc,marking   ] GC(2) Concurrent Mark From Roots 8.567ms
[2021-05-15T18:45:09.018+0100][gc,marking   ] GC(2) Concurrent Preclean
[2021-05-15T18:45:09.019+0100][gc,marking   ] GC(2) Concurrent Preclean 0.278ms
[2021-05-15T18:45:09.019+0100][gc,marking   ] GC(2) Concurrent Mark (3.221s, 3.231s) 9.904ms
[2021-05-15T18:45:09.019+0100][gc,start     ] GC(2) Pause Remark
[2021-05-15T18:45:09.021+0100][gc,stringtable] GC(2) Cleaned string and symbol table, strings: 5015 processed, 0 removed, symbols: 49710 processed, 42 removed
[2021-05-15T18:45:09.022+0100][gc            ] GC(2) Pause Remark 8M->8M(1024M) 2.901ms
[2021-05-15T18:45:09.022+0100][gc,cpu        ] GC(2) User=0.01s Sys=0.00s Real=0.00s
[2021-05-15T18:45:09.022+0100][gc,marking    ] GC(2) Concurrent Rebuild Remembered Sets
[2021-05-15T18:45:09.028+0100][gc,marking    ] GC(2) Concurrent Rebuild Remembered Sets 5.095ms
[2021-05-15T18:45:09.028+0100][gc,start      ] GC(2) Pause Cleanup
[2021-05-15T18:45:09.029+0100][gc            ] GC(2) Pause Cleanup 8M->8M(1024M) 0.464ms
[2021-05-15T18:45:09.029+0100][gc,cpu        ] GC(2) User=0.00s Sys=0.00s Real=0.00s
[2021-05-15T18:45:09.029+0100][gc,marking    ] GC(2) Concurrent Cleanup for Next Mark
[2021-05-15T18:45:09.057+0100][gc,marking    ] GC(2) Concurrent Cleanup for Next Mark 28.042ms
[2021-05-15T18:45:09.057+0100][gc            ] GC(2) Concurrent Cycle 50.767ms
[2021-05-15T18:45:10.539+0100][gc,start      ] GC(3) Pause Young (Normal) (G1 Evacuation Pause)
[2021-05-15T18:45:10.539+0100][gc,task       ] GC(3) Using 4 workers of 4 for evacuation
[2021-05-15T18:45:10.543+0100][gc,phases     ] GC(3)   Pre Evacuate Collection Set: 0.0ms
[2021-05-15T18:45:10.543+0100][gc,phases     ] GC(3)   Evacuate Collection Set: 3.6ms
[2021-05-15T18:45:10.544+0100][gc,phases     ] GC(3)   Post Evacuate Collection Set: 0.5ms
[2021-05-15T18:45:10.544+0100][gc,phases     ] GC(3)   Other: 0.5ms
[2021-05-15T18:45:10.544+0100][gc,heap       ] GC(3) Eden regions: 50->0(46)
[2021-05-15T18:45:10.544+0100][gc,heap       ] GC(3) Survivor regions: 1->5(7)
[2021-05-15T18:45:10.544+0100][gc,heap       ] GC(3) Old regions: 9->9
[2021-05-15T18:45:10.544+0100][gc,heap       ] GC(3) Humongous regions: 129->129
[2021-05-15T18:45:10.544+0100][gc,metaspace  ] GC(3) Metaspace: 30138K->30138K(1077248K)
[2021-05-15T18:45:10.545+0100][gc            ] GC(3) Pause Young (Normal) (G1 Evacuation Pause) 186M->140M(1024M) 6.047ms
[2021-05-15T18:45:10.545+0100][gc,cpu        ] GC(3) User=0.02s Sys=0.01s Real=0.01s
[2021-05-15T18:45:10.980+0100][gc,start      ] GC(4) Pause Young (Concurrent Start) (Metadata GC Threshold)
[2021-05-15T18:45:10.981+0100][gc,task       ] GC(4) Using 4 workers of 4 for evacuation
[2021-05-15T18:45:10.994+0100][gc,phases     ] GC(4)   Pre Evacuate Collection Set: 0.1ms
[2021-05-15T18:45:10.994+0100][gc,phases     ] GC(4)   Evacuate Collection Set: 12.1ms
[2021-05-15T18:45:10.994+0100][gc,phases     ] GC(4)   Post Evacuate Collection Set: 0.6ms
[2021-05-15T18:45:10.995+0100][gc,phases     ] GC(4)   Other: 0.8ms
[2021-05-15T18:45:10.995+0100][gc,heap       ] GC(4) Eden regions: 20->0(49)
[2021-05-15T18:45:10.995+0100][gc,heap       ] GC(4) Survivor regions: 5->2(7)
[2021-05-15T18:45:10.995+0100][gc,heap       ] GC(4) Old regions: 9->13
[2021-05-15T18:45:10.996+0100][gc,heap       ] GC(4) Humongous regions: 129->129
[2021-05-15T18:45:10.996+0100][gc,metaspace  ] GC(4) Metaspace: 34545K->34545K(1081344K)
[2021-05-15T18:45:10.996+0100][gc            ] GC(4) Pause Young (Concurrent Start) (Metadata GC Threshold) 160M->141M(1024M) 15.584ms
[2021-05-15T18:45:10.996+0100][gc,cpu        ] GC(4) User=0.04s Sys=0.00s Real=0.01s
[2021-05-15T18:45:10.996+0100][gc            ] GC(5) Concurrent Cycle
[2021-05-15T18:45:10.996+0100][gc,marking    ] GC(5) Concurrent Clear Claimed Marks
[2021-05-15T18:45:10.997+0100][gc,marking    ] GC(5) Concurrent Clear Claimed Marks 0.244ms
[2021-05-15T18:45:10.997+0100][gc,marking    ] GC(5) Concurrent Scan Root Regions
[2021-05-15T18:45:10.998+0100][gc,marking    ] GC(5) Concurrent Scan Root Regions 1.433ms
[2021-05-15T18:45:10.998+0100][gc,marking    ] GC(5) Concurrent Mark (5.210s)
[2021-05-15T18:45:10.999+0100][gc,marking    ] GC(5) Concurrent Mark From Roots
[2021-05-15T18:45:10.999+0100][gc,task       ] GC(5) Using 1 workers of 1 for marking
[2021-05-15T18:45:11.018+0100][gc,marking    ] GC(5) Concurrent Mark From Roots 19.572ms
[2021-05-15T18:45:11.018+0100][gc,marking    ] GC(5) Concurrent Preclean
[2021-05-15T18:45:11.019+0100][gc,marking    ] GC(5) Concurrent Preclean 0.326ms
[2021-05-15T18:45:11.019+0100][gc,marking    ] GC(5) Concurrent Mark (5.210s, 5.231s) 20.615ms
[2021-05-15T18:45:11.020+0100][gc,start      ] GC(5) Pause Remark
[2021-05-15T18:45:11.027+0100][gc,stringtable] GC(5) Cleaned string and symbol table, strings: 10029 processed, 10 removed, symbols: 81291 processed, 10 removed
[2021-05-15T18:45:11.027+0100][gc            ] GC(5) Pause Remark 143M->143M(1024M) 7.074ms
[2021-05-15T18:45:11.028+0100][gc,cpu        ] GC(5) User=0.01s Sys=0.00s Real=0.00s
[2021-05-15T18:45:11.028+0100][gc,marking    ] GC(5) Concurrent Rebuild Remembered Sets
[2021-05-15T18:45:11.038+0100][gc,marking    ] GC(5) Concurrent Rebuild Remembered Sets 10.450ms
[2021-05-15T18:45:11.039+0100][gc,start      ] GC(5) Pause Cleanup
[2021-05-15T18:45:11.039+0100][gc            ] GC(5) Pause Cleanup 143M->143M(1024M) 0.441ms
[2021-05-15T18:45:11.039+0100][gc,cpu        ] GC(5) User=0.00s Sys=0.01s Real=0.01s
[2021-05-15T18:45:11.039+0100][gc,marking    ] GC(5) Concurrent Cleanup for Next Mark
[2021-05-15T18:45:11.059+0100][gc,marking    ] GC(5) Concurrent Cleanup for Next Mark 19.450ms
[2021-05-15T18:45:11.059+0100][gc            ] GC(5) Concurrent Cycle 63.070ms
[2021-05-15T18:46:34.036+0100][gc,heap,exit  ] Heap
[2021-05-15T18:46:34.037+0100][gc,heap,exit  ]  garbage-first heap   total 1048576K, used 165719K [0x00000000c0000000, 0x0000000100000000)
[2021-05-15T18:46:34.037+0100][gc,heap,exit  ]   region size 1024K, 23 young (23552K), 2 survivors (2048K)
[2021-05-15T18:46:34.037+0100][gc,heap,exit  ]  Metaspace       used 37715K, capacity 39434K, committed 39552K, reserved 1083392K
[2021-05-15T18:46:34.037+0100][gc,heap,exit  ]   class space    used 4643K, capacity 5440K, committed 5504K, reserved 1048576K
