[2021-05-15T18:48:43.922+0100][gc,heap] Heap region size: 1M
[2021-05-15T18:48:43.933+0100][gc     ] Using G1
[2021-05-15T18:48:43.934+0100][gc,heap,coops] Heap address: 0x00000000c0000000, size: 1024 MB, Compressed Oops mode: 32-bit
[2021-05-15T18:48:43.935+0100][gc,cds       ] Mark closed archive regions in map: [0x00000000fff00000, 0x00000000fff6aff8]
[2021-05-15T18:48:43.935+0100][gc,cds       ] Mark open archive regions in map: [0x00000000ffe00000, 0x00000000ffe46ff8]
[2021-05-15T18:48:46.185+0100][gc,start     ] GC(0) Pause Young (Normal) (G1 Evacuation Pause)
[2021-05-15T18:48:46.186+0100][gc,task      ] GC(0) Using 4 workers of 4 for evacuation
[2021-05-15T18:48:46.198+0100][gc,phases    ] GC(0)   Pre Evacuate Collection Set: 0.0ms
[2021-05-15T18:48:46.199+0100][gc,phases    ] GC(0)   Evacuate Collection Set: 10.6ms
[2021-05-15T18:48:46.199+0100][gc,phases    ] GC(0)   Post Evacuate Collection Set: 0.6ms
[2021-05-15T18:48:46.199+0100][gc,phases    ] GC(0)   Other: 1.1ms
[2021-05-15T18:48:46.200+0100][gc,heap      ] GC(0) Eden regions: 51->0(44)
[2021-05-15T18:48:46.200+0100][gc,heap      ] GC(0) Survivor regions: 0->7(7)
[2021-05-15T18:48:46.200+0100][gc,heap      ] GC(0) Old regions: 2->2
[2021-05-15T18:48:46.200+0100][gc,heap      ] GC(0) Humongous regions: 0->0
[2021-05-15T18:48:46.201+0100][gc,metaspace ] GC(0) Metaspace: 15557K->15557K(1062912K)
[2021-05-15T18:48:46.201+0100][gc           ] GC(0) Pause Young (Normal) (G1 Evacuation Pause) 51M->7M(1024M) 15.674ms
[2021-05-15T18:48:46.201+0100][gc,cpu       ] GC(0) User=0.00s Sys=0.05s Real=0.02s
[2021-05-15T18:48:46.718+0100][gc,start     ] GC(1) Pause Young (Concurrent Start) (Metadata GC Threshold)
[2021-05-15T18:48:46.718+0100][gc,task      ] GC(1) Using 4 workers of 4 for evacuation
[2021-05-15T18:48:46.754+0100][gc,mmu       ] GC(1) MMU target violated: 21.0ms (20.0ms/21.0ms)
[2021-05-15T18:48:46.754+0100][gc,phases    ] GC(1)   Pre Evacuate Collection Set: 0.1ms
[2021-05-15T18:48:46.755+0100][gc,phases    ] GC(1)   Evacuate Collection Set: 35.3ms
[2021-05-15T18:48:46.755+0100][gc,phases    ] GC(1)   Post Evacuate Collection Set: 0.5ms
[2021-05-15T18:48:46.755+0100][gc,phases    ] GC(1)   Other: 0.9ms
[2021-05-15T18:48:46.755+0100][gc,heap      ] GC(1) Eden regions: 21->0(50)
[2021-05-15T18:48:46.756+0100][gc,heap      ] GC(1) Survivor regions: 7->1(7)
[2021-05-15T18:48:46.756+0100][gc,heap      ] GC(1) Old regions: 2->9
[2021-05-15T18:48:46.756+0100][gc,heap      ] GC(1) Humongous regions: 0->0
[2021-05-15T18:48:46.756+0100][gc,metaspace ] GC(1) Metaspace: 20546K->20546K(1067008K)
[2021-05-15T18:48:46.756+0100][gc           ] GC(1) Pause Young (Concurrent Start) (Metadata GC Threshold) 27M->7M(1024M) 38.743ms
[2021-05-15T18:48:46.756+0100][gc,cpu       ] GC(1) User=0.01s Sys=0.12s Real=0.04s
[2021-05-15T18:48:46.757+0100][gc           ] GC(2) Concurrent Cycle
[2021-05-15T18:48:46.757+0100][gc,marking   ] GC(2) Concurrent Clear Claimed Marks
[2021-05-15T18:48:46.758+0100][gc,marking   ] GC(2) Concurrent Clear Claimed Marks 0.796ms
[2021-05-15T18:48:46.759+0100][gc,marking   ] GC(2) Concurrent Scan Root Regions
[2021-05-15T18:48:46.762+0100][gc,marking   ] GC(2) Concurrent Scan Root Regions 3.486ms
[2021-05-15T18:48:46.763+0100][gc,marking   ] GC(2) Concurrent Mark (2.951s)
[2021-05-15T18:48:46.764+0100][gc,marking   ] GC(2) Concurrent Mark From Roots
[2021-05-15T18:48:46.764+0100][gc,task      ] GC(2) Using 1 workers of 1 for marking
[2021-05-15T18:48:46.774+0100][gc,marking   ] GC(2) Concurrent Mark From Roots 10.271ms
[2021-05-15T18:48:46.774+0100][gc,marking   ] GC(2) Concurrent Preclean
[2021-05-15T18:48:46.775+0100][gc,marking   ] GC(2) Concurrent Preclean 0.265ms
[2021-05-15T18:48:46.775+0100][gc,marking   ] GC(2) Concurrent Mark (2.951s, 2.963s) 11.392ms
[2021-05-15T18:48:46.775+0100][gc,start     ] GC(2) Pause Remark
[2021-05-15T18:48:46.777+0100][gc,stringtable] GC(2) Cleaned string and symbol table, strings: 5017 processed, 0 removed, symbols: 49726 processed, 42 removed
[2021-05-15T18:48:46.778+0100][gc            ] GC(2) Pause Remark 8M->8M(1024M) 3.111ms
[2021-05-15T18:48:46.779+0100][gc,cpu        ] GC(2) User=0.01s Sys=0.01s Real=0.00s
[2021-05-15T18:48:46.779+0100][gc,marking    ] GC(2) Concurrent Rebuild Remembered Sets
[2021-05-15T18:48:46.785+0100][gc,marking    ] GC(2) Concurrent Rebuild Remembered Sets 6.105ms
[2021-05-15T18:48:46.785+0100][gc,start      ] GC(2) Pause Cleanup
[2021-05-15T18:48:46.787+0100][gc            ] GC(2) Pause Cleanup 8M->8M(1024M) 1.690ms
[2021-05-15T18:48:46.787+0100][gc,cpu        ] GC(2) User=0.00s Sys=0.00s Real=0.00s
[2021-05-15T18:48:46.788+0100][gc,marking    ] GC(2) Concurrent Cleanup for Next Mark
[2021-05-15T18:48:46.819+0100][gc,marking    ] GC(2) Concurrent Cleanup for Next Mark 31.266ms
[2021-05-15T18:48:46.819+0100][gc            ] GC(2) Concurrent Cycle 62.601ms
[2021-05-15T18:48:48.052+0100][gc,start      ] GC(3) Pause Young (Normal) (G1 Evacuation Pause)
[2021-05-15T18:48:48.052+0100][gc,task       ] GC(3) Using 4 workers of 4 for evacuation
[2021-05-15T18:48:48.058+0100][gc,phases     ] GC(3)   Pre Evacuate Collection Set: 0.0ms
[2021-05-15T18:48:48.059+0100][gc,phases     ] GC(3)   Evacuate Collection Set: 5.7ms
[2021-05-15T18:48:48.059+0100][gc,phases     ] GC(3)   Post Evacuate Collection Set: 0.6ms
[2021-05-15T18:48:48.059+0100][gc,phases     ] GC(3)   Other: 0.5ms
[2021-05-15T18:48:48.059+0100][gc,heap       ] GC(3) Eden regions: 50->0(46)
[2021-05-15T18:48:48.059+0100][gc,heap       ] GC(3) Survivor regions: 1->5(7)
[2021-05-15T18:48:48.060+0100][gc,heap       ] GC(3) Old regions: 9->9
[2021-05-15T18:48:48.060+0100][gc,heap       ] GC(3) Humongous regions: 129->129
[2021-05-15T18:48:48.060+0100][gc,metaspace  ] GC(3) Metaspace: 30115K->30115K(1077248K)
[2021-05-15T18:48:48.060+0100][gc            ] GC(3) Pause Young (Normal) (G1 Evacuation Pause) 186M->140M(1024M) 8.535ms
[2021-05-15T18:48:48.060+0100][gc,cpu        ] GC(3) User=0.03s Sys=0.00s Real=0.01s
[2021-05-15T18:48:48.554+0100][gc,start      ] GC(4) Pause Young (Concurrent Start) (Metadata GC Threshold)
[2021-05-15T18:48:48.555+0100][gc,task       ] GC(4) Using 4 workers of 4 for evacuation
[2021-05-15T18:48:48.589+0100][gc,mmu        ] GC(4) MMU target violated: 21.0ms (20.0ms/21.0ms)
[2021-05-15T18:48:48.590+0100][gc,phases     ] GC(4)   Pre Evacuate Collection Set: 0.3ms
[2021-05-15T18:48:48.590+0100][gc,phases     ] GC(4)   Evacuate Collection Set: 32.9ms
[2021-05-15T18:48:48.590+0100][gc,phases     ] GC(4)   Post Evacuate Collection Set: 1.1ms
[2021-05-15T18:48:48.590+0100][gc,phases     ] GC(4)   Other: 1.0ms
[2021-05-15T18:48:48.590+0100][gc,heap       ] GC(4) Eden regions: 20->0(49)
[2021-05-15T18:48:48.590+0100][gc,heap       ] GC(4) Survivor regions: 5->2(7)
[2021-05-15T18:48:48.590+0100][gc,heap       ] GC(4) Old regions: 9->13
[2021-05-15T18:48:48.591+0100][gc,heap       ] GC(4) Humongous regions: 129->129
[2021-05-15T18:48:48.591+0100][gc,metaspace  ] GC(4) Metaspace: 34536K->34536K(1081344K)
[2021-05-15T18:48:48.591+0100][gc            ] GC(4) Pause Young (Concurrent Start) (Metadata GC Threshold) 160M->141M(1024M) 36.443ms
[2021-05-15T18:48:48.592+0100][gc,cpu        ] GC(4) User=0.10s Sys=0.02s Real=0.04s
[2021-05-15T18:48:48.592+0100][gc            ] GC(5) Concurrent Cycle
[2021-05-15T18:48:48.592+0100][gc,marking    ] GC(5) Concurrent Clear Claimed Marks
[2021-05-15T18:48:48.605+0100][gc,marking    ] GC(5) Concurrent Clear Claimed Marks 12.055ms
[2021-05-15T18:48:48.605+0100][gc,marking    ] GC(5) Concurrent Scan Root Regions
[2021-05-15T18:48:48.610+0100][gc,marking    ] GC(5) Concurrent Scan Root Regions 5.613ms
[2021-05-15T18:48:48.612+0100][gc,marking    ] GC(5) Concurrent Mark (4.800s)
[2021-05-15T18:48:48.612+0100][gc,marking    ] GC(5) Concurrent Mark From Roots
[2021-05-15T18:48:48.613+0100][gc,task       ] GC(5) Using 1 workers of 1 for marking
[2021-05-15T18:48:48.645+0100][gc,marking    ] GC(5) Concurrent Mark From Roots 32.667ms
[2021-05-15T18:48:48.645+0100][gc,marking    ] GC(5) Concurrent Preclean
[2021-05-15T18:48:48.650+0100][gc,marking    ] GC(5) Concurrent Preclean 4.839ms
[2021-05-15T18:48:48.652+0100][gc,marking    ] GC(5) Concurrent Mark (4.800s, 4.840s) 39.821ms
[2021-05-15T18:48:48.673+0100][gc,start      ] GC(5) Pause Remark
[2021-05-15T18:48:48.677+0100][gc,stringtable] GC(5) Cleaned string and symbol table, strings: 10092 processed, 10 removed, symbols: 81728 processed, 9 removed
[2021-05-15T18:48:48.678+0100][gc            ] GC(5) Pause Remark 144M->144M(1024M) 5.220ms
[2021-05-15T18:48:48.678+0100][gc,cpu        ] GC(5) User=0.00s Sys=0.00s Real=0.00s
[2021-05-15T18:48:48.678+0100][gc,marking    ] GC(5) Concurrent Rebuild Remembered Sets
[2021-05-15T18:48:48.694+0100][gc,marking    ] GC(5) Concurrent Rebuild Remembered Sets 15.107ms
[2021-05-15T18:48:48.700+0100][gc,start      ] GC(5) Pause Cleanup
[2021-05-15T18:48:48.700+0100][gc            ] GC(5) Pause Cleanup 145M->145M(1024M) 0.496ms
[2021-05-15T18:48:48.700+0100][gc,cpu        ] GC(5) User=0.00s Sys=0.00s Real=0.00s
[2021-05-15T18:48:48.701+0100][gc,marking    ] GC(5) Concurrent Cleanup for Next Mark
[2021-05-15T18:48:48.709+0100][gc,marking    ] GC(5) Concurrent Cleanup for Next Mark 8.101ms
[2021-05-15T18:48:48.709+0100][gc            ] GC(5) Concurrent Cycle 117.210ms
[2021-05-15T18:51:22.475+0100][gc,start      ] GC(6) Pause Young (Concurrent Start) (G1 Evacuation Pause)
[2021-05-15T18:51:22.476+0100][gc,task       ] GC(6) Using 4 workers of 4 for evacuation
[2021-05-15T18:51:22.590+0100][gc,mmu        ] GC(6) MMU target violated: 21.0ms (20.0ms/21.0ms)
[2021-05-15T18:51:22.590+0100][gc,phases     ] GC(6)   Pre Evacuate Collection Set: 14.5ms
[2021-05-15T18:51:22.590+0100][gc,phases     ] GC(6)   Evacuate Collection Set: 93.4ms
[2021-05-15T18:51:22.590+0100][gc,phases     ] GC(6)   Post Evacuate Collection Set: 1.0ms
[2021-05-15T18:51:22.590+0100][gc,phases     ] GC(6)   Other: 5.8ms
[2021-05-15T18:51:22.590+0100][gc,heap       ] GC(6) Eden regions: 49->0(47)
[2021-05-15T18:51:22.591+0100][gc,heap       ] GC(6) Survivor regions: 2->4(7)
[2021-05-15T18:51:22.591+0100][gc,heap       ] GC(6) Old regions: 13->13
[2021-05-15T18:51:22.591+0100][gc,heap       ] GC(6) Humongous regions: 129->129
[2021-05-15T18:51:22.591+0100][gc,metaspace  ] GC(6) Metaspace: 41119K->41119K(1087488K)
[2021-05-15T18:51:22.591+0100][gc            ] GC(6) Pause Young (Concurrent Start) (G1 Evacuation Pause) 190M->143M(1024M) 116.011ms
[2021-05-15T18:51:22.591+0100][gc,cpu        ] GC(6) User=0.30s Sys=0.08s Real=0.12s
[2021-05-15T18:51:22.592+0100][gc            ] GC(7) Concurrent Cycle
[2021-05-15T18:51:22.593+0100][gc,marking    ] GC(7) Concurrent Clear Claimed Marks
[2021-05-15T18:51:22.593+0100][gc,marking    ] GC(7) Concurrent Clear Claimed Marks 0.403ms
[2021-05-15T18:51:22.594+0100][gc,marking    ] GC(7) Concurrent Scan Root Regions
[2021-05-15T18:51:22.603+0100][gc,marking    ] GC(7) Concurrent Scan Root Regions 9.314ms
[2021-05-15T18:51:22.604+0100][gc,marking    ] GC(7) Concurrent Mark (158.792s)
[2021-05-15T18:51:22.604+0100][gc,marking    ] GC(7) Concurrent Mark From Roots
[2021-05-15T18:51:22.604+0100][gc,task       ] GC(7) Using 1 workers of 1 for marking
[2021-05-15T18:51:22.708+0100][gc,marking    ] GC(7) Concurrent Mark From Roots 104.149ms
[2021-05-15T18:51:22.708+0100][gc,marking    ] GC(7) Concurrent Preclean
[2021-05-15T18:51:22.709+0100][gc,marking    ] GC(7) Concurrent Preclean 0.349ms
[2021-05-15T18:51:22.709+0100][gc,marking    ] GC(7) Concurrent Mark (158.792s, 158.897s) 105.304ms
[2021-05-15T18:51:22.709+0100][gc,start      ] GC(7) Pause Remark
[2021-05-15T18:51:22.720+0100][gc,stringtable] GC(7) Cleaned string and symbol table, strings: 11166 processed, 547 removed, symbols: 86209 processed, 3 removed
[2021-05-15T18:51:22.722+0100][gc            ] GC(7) Pause Remark 144M->15M(1024M) 12.752ms
[2021-05-15T18:51:22.723+0100][gc,cpu        ] GC(7) User=0.04s Sys=0.00s Real=0.01s
[2021-05-15T18:51:22.723+0100][gc,marking    ] GC(7) Concurrent Rebuild Remembered Sets
[2021-05-15T18:51:22.733+0100][gc,marking    ] GC(7) Concurrent Rebuild Remembered Sets 10.010ms
[2021-05-15T18:51:22.733+0100][gc,start      ] GC(7) Pause Cleanup
[2021-05-15T18:51:22.734+0100][gc            ] GC(7) Pause Cleanup 15M->15M(1024M) 0.519ms
[2021-05-15T18:51:22.734+0100][gc,cpu        ] GC(7) User=0.00s Sys=0.00s Real=0.00s
[2021-05-15T18:51:22.734+0100][gc,marking    ] GC(7) Concurrent Cleanup for Next Mark
[2021-05-15T18:51:22.807+0100][gc,marking    ] GC(7) Concurrent Cleanup for Next Mark 72.164ms
[2021-05-15T18:51:22.807+0100][gc            ] GC(7) Concurrent Cycle 215.376ms
[2021-05-15T18:51:24.472+0100][gc,heap,exit  ] Heap
[2021-05-15T18:51:24.472+0100][gc,heap,exit  ]  garbage-first heap   total 1048576K, used 18640K [0x00000000c0000000, 0x0000000100000000)
[2021-05-15T18:51:24.472+0100][gc,heap,exit  ]   region size 1024K, 9 young (9216K), 4 survivors (4096K)
[2021-05-15T18:51:24.472+0100][gc,heap,exit  ]  Metaspace       used 41188K, capacity 43459K, committed 43724K, reserved 1087488K
[2021-05-15T18:51:24.472+0100][gc,heap,exit  ]   class space    used 5228K, capacity 6294K, committed 6348K, reserved 1048576K
