[2021-05-15T18:53:36.598+0100][gc,heap] Heap region size: 1M
[2021-05-15T18:53:36.607+0100][gc     ] Using G1
[2021-05-15T18:53:36.607+0100][gc,heap,coops] Heap address: 0x00000000c0000000, size: 1024 MB, Compressed Oops mode: 32-bit
[2021-05-15T18:53:36.608+0100][gc,cds       ] Mark closed archive regions in map: [0x00000000fff00000, 0x00000000fff6aff8]
[2021-05-15T18:53:36.608+0100][gc,cds       ] Mark open archive regions in map: [0x00000000ffe00000, 0x00000000ffe46ff8]
[2021-05-15T18:53:38.787+0100][gc,start     ] GC(0) Pause Young (Normal) (G1 Evacuation Pause)
[2021-05-15T18:53:38.788+0100][gc,task      ] GC(0) Using 4 workers of 4 for evacuation
[2021-05-15T18:53:38.801+0100][gc,phases    ] GC(0)   Pre Evacuate Collection Set: 0.0ms
[2021-05-15T18:53:38.801+0100][gc,phases    ] GC(0)   Evacuate Collection Set: 12.1ms
[2021-05-15T18:53:38.801+0100][gc,phases    ] GC(0)   Post Evacuate Collection Set: 0.6ms
[2021-05-15T18:53:38.802+0100][gc,phases    ] GC(0)   Other: 1.2ms
[2021-05-15T18:53:38.802+0100][gc,heap      ] GC(0) Eden regions: 51->0(44)
[2021-05-15T18:53:38.802+0100][gc,heap      ] GC(0) Survivor regions: 0->7(7)
[2021-05-15T18:53:38.802+0100][gc,heap      ] GC(0) Old regions: 2->2
[2021-05-15T18:53:38.802+0100][gc,heap      ] GC(0) Humongous regions: 0->0
[2021-05-15T18:53:38.802+0100][gc,metaspace ] GC(0) Metaspace: 15577K->15577K(1062912K)
[2021-05-15T18:53:38.803+0100][gc           ] GC(0) Pause Young (Normal) (G1 Evacuation Pause) 51M->7M(1024M) 15.805ms
[2021-05-15T18:53:38.803+0100][gc,cpu       ] GC(0) User=0.01s Sys=0.03s Real=0.02s
[2021-05-15T18:53:39.299+0100][gc,start     ] GC(1) Pause Young (Concurrent Start) (Metadata GC Threshold)
[2021-05-15T18:53:39.299+0100][gc,task      ] GC(1) Using 4 workers of 4 for evacuation
[2021-05-15T18:53:39.312+0100][gc,phases    ] GC(1)   Pre Evacuate Collection Set: 0.1ms
[2021-05-15T18:53:39.313+0100][gc,phases    ] GC(1)   Evacuate Collection Set: 12.0ms
[2021-05-15T18:53:39.313+0100][gc,phases    ] GC(1)   Post Evacuate Collection Set: 0.6ms
[2021-05-15T18:53:39.313+0100][gc,phases    ] GC(1)   Other: 0.5ms
[2021-05-15T18:53:39.314+0100][gc,heap      ] GC(1) Eden regions: 21->0(50)
[2021-05-15T18:53:39.314+0100][gc,heap      ] GC(1) Survivor regions: 7->1(7)
[2021-05-15T18:53:39.314+0100][gc,heap      ] GC(1) Old regions: 2->9
[2021-05-15T18:53:39.314+0100][gc,heap      ] GC(1) Humongous regions: 0->0
[2021-05-15T18:53:39.315+0100][gc,metaspace ] GC(1) Metaspace: 20551K->20551K(1067008K)
[2021-05-15T18:53:39.315+0100][gc           ] GC(1) Pause Young (Concurrent Start) (Metadata GC Threshold) 27M->8M(1024M) 15.607ms
[2021-05-15T18:53:39.315+0100][gc,cpu       ] GC(1) User=0.04s Sys=0.00s Real=0.01s
[2021-05-15T18:53:39.315+0100][gc           ] GC(2) Concurrent Cycle
[2021-05-15T18:53:39.315+0100][gc,marking   ] GC(2) Concurrent Clear Claimed Marks
[2021-05-15T18:53:39.316+0100][gc,marking   ] GC(2) Concurrent Clear Claimed Marks 0.220ms
[2021-05-15T18:53:39.317+0100][gc,marking   ] GC(2) Concurrent Scan Root Regions
[2021-05-15T18:53:39.318+0100][gc,marking   ] GC(2) Concurrent Scan Root Regions 1.050ms
[2021-05-15T18:53:39.318+0100][gc,marking   ] GC(2) Concurrent Mark (2.817s)
[2021-05-15T18:53:39.318+0100][gc,marking   ] GC(2) Concurrent Mark From Roots
[2021-05-15T18:53:39.318+0100][gc,task      ] GC(2) Using 1 workers of 1 for marking
[2021-05-15T18:53:39.327+0100][gc,marking   ] GC(2) Concurrent Mark From Roots 8.769ms
[2021-05-15T18:53:39.327+0100][gc,marking   ] GC(2) Concurrent Preclean
[2021-05-15T18:53:39.328+0100][gc,marking   ] GC(2) Concurrent Preclean 0.410ms
[2021-05-15T18:53:39.328+0100][gc,marking   ] GC(2) Concurrent Mark (2.817s, 2.827s) 10.024ms
[2021-05-15T18:53:39.328+0100][gc,start     ] GC(2) Pause Remark
[2021-05-15T18:53:39.331+0100][gc,stringtable] GC(2) Cleaned string and symbol table, strings: 5015 processed, 0 removed, symbols: 49683 processed, 42 removed
[2021-05-15T18:53:39.331+0100][gc            ] GC(2) Pause Remark 8M->8M(1024M) 3.060ms
[2021-05-15T18:53:39.332+0100][gc,cpu        ] GC(2) User=0.01s Sys=0.00s Real=0.01s
[2021-05-15T18:53:39.332+0100][gc,marking    ] GC(2) Concurrent Rebuild Remembered Sets
[2021-05-15T18:53:39.338+0100][gc,marking    ] GC(2) Concurrent Rebuild Remembered Sets 5.214ms
[2021-05-15T18:53:39.338+0100][gc,start      ] GC(2) Pause Cleanup
[2021-05-15T18:53:39.339+0100][gc            ] GC(2) Pause Cleanup 8M->8M(1024M) 0.598ms
[2021-05-15T18:53:39.339+0100][gc,cpu        ] GC(2) User=0.00s Sys=0.00s Real=0.01s
[2021-05-15T18:53:39.339+0100][gc,marking    ] GC(2) Concurrent Cleanup for Next Mark
[2021-05-15T18:53:39.347+0100][gc,marking    ] GC(2) Concurrent Cleanup for Next Mark 7.952ms
[2021-05-15T18:53:39.348+0100][gc            ] GC(2) Concurrent Cycle 32.663ms
[2021-05-15T18:53:40.567+0100][gc,start      ] GC(3) Pause Young (Normal) (G1 Evacuation Pause)
[2021-05-15T18:53:40.567+0100][gc,task       ] GC(3) Using 4 workers of 4 for evacuation
[2021-05-15T18:53:40.575+0100][gc,phases     ] GC(3)   Pre Evacuate Collection Set: 0.0ms
[2021-05-15T18:53:40.575+0100][gc,phases     ] GC(3)   Evacuate Collection Set: 7.0ms
[2021-05-15T18:53:40.575+0100][gc,phases     ] GC(3)   Post Evacuate Collection Set: 0.5ms
[2021-05-15T18:53:40.576+0100][gc,phases     ] GC(3)   Other: 0.6ms
[2021-05-15T18:53:40.576+0100][gc,heap       ] GC(3) Eden regions: 50->0(46)
[2021-05-15T18:53:40.576+0100][gc,heap       ] GC(3) Survivor regions: 1->5(7)
[2021-05-15T18:53:40.576+0100][gc,heap       ] GC(3) Old regions: 9->9
[2021-05-15T18:53:40.576+0100][gc,heap       ] GC(3) Humongous regions: 129->129
[2021-05-15T18:53:40.576+0100][gc,metaspace  ] GC(3) Metaspace: 30142K->30142K(1077248K)
[2021-05-15T18:53:40.576+0100][gc            ] GC(3) Pause Young (Normal) (G1 Evacuation Pause) 187M->140M(1024M) 9.631ms
[2021-05-15T18:53:40.577+0100][gc,cpu        ] GC(3) User=0.03s Sys=0.00s Real=0.01s
[2021-05-15T18:53:41.083+0100][gc,start      ] GC(4) Pause Young (Concurrent Start) (Metadata GC Threshold)
[2021-05-15T18:53:41.083+0100][gc,task       ] GC(4) Using 4 workers of 4 for evacuation
[2021-05-15T18:53:41.094+0100][gc,phases     ] GC(4)   Pre Evacuate Collection Set: 0.1ms
[2021-05-15T18:53:41.094+0100][gc,phases     ] GC(4)   Evacuate Collection Set: 10.1ms
[2021-05-15T18:53:41.097+0100][gc,phases     ] GC(4)   Post Evacuate Collection Set: 0.6ms
[2021-05-15T18:53:41.098+0100][gc,phases     ] GC(4)   Other: 0.6ms
[2021-05-15T18:53:41.098+0100][gc,heap       ] GC(4) Eden regions: 21->0(49)
[2021-05-15T18:53:41.098+0100][gc,heap       ] GC(4) Survivor regions: 5->2(7)
[2021-05-15T18:53:41.098+0100][gc,heap       ] GC(4) Old regions: 9->13
[2021-05-15T18:53:41.099+0100][gc,heap       ] GC(4) Humongous regions: 129->129
[2021-05-15T18:53:41.099+0100][gc,metaspace  ] GC(4) Metaspace: 34677K->34677K(1081344K)
[2021-05-15T18:53:41.099+0100][gc            ] GC(4) Pause Young (Concurrent Start) (Metadata GC Threshold) 160M->142M(1024M) 16.602ms
[2021-05-15T18:53:41.099+0100][gc,cpu        ] GC(4) User=0.03s Sys=0.02s Real=0.02s
[2021-05-15T18:53:41.100+0100][gc            ] GC(5) Concurrent Cycle
[2021-05-15T18:53:41.100+0100][gc,marking    ] GC(5) Concurrent Clear Claimed Marks
[2021-05-15T18:53:41.101+0100][gc,marking    ] GC(5) Concurrent Clear Claimed Marks 0.785ms
[2021-05-15T18:53:41.101+0100][gc,marking    ] GC(5) Concurrent Scan Root Regions
[2021-05-15T18:53:41.102+0100][gc,marking    ] GC(5) Concurrent Scan Root Regions 1.649ms
[2021-05-15T18:53:41.103+0100][gc,marking    ] GC(5) Concurrent Mark (4.601s)
[2021-05-15T18:53:41.103+0100][gc,marking    ] GC(5) Concurrent Mark From Roots
[2021-05-15T18:53:41.103+0100][gc,task       ] GC(5) Using 1 workers of 1 for marking
[2021-05-15T18:53:41.139+0100][gc,marking    ] GC(5) Concurrent Mark From Roots 36.045ms
[2021-05-15T18:53:41.139+0100][gc,marking    ] GC(5) Concurrent Preclean
[2021-05-15T18:53:41.139+0100][gc,marking    ] GC(5) Concurrent Preclean 0.259ms
[2021-05-15T18:53:41.140+0100][gc,marking    ] GC(5) Concurrent Mark (4.601s, 4.638s) 37.002ms
[2021-05-15T18:53:41.141+0100][gc,start      ] GC(5) Pause Remark
[2021-05-15T18:53:41.146+0100][gc,stringtable] GC(5) Cleaned string and symbol table, strings: 10119 processed, 10 removed, symbols: 82401 processed, 10 removed
[2021-05-15T18:53:41.147+0100][gc            ] GC(5) Pause Remark 143M->143M(1024M) 5.594ms
[2021-05-15T18:53:41.147+0100][gc,cpu        ] GC(5) User=0.01s Sys=0.00s Real=0.00s
[2021-05-15T18:53:41.147+0100][gc,marking    ] GC(5) Concurrent Rebuild Remembered Sets
[2021-05-15T18:53:41.161+0100][gc,marking    ] GC(5) Concurrent Rebuild Remembered Sets 13.563ms
[2021-05-15T18:53:41.161+0100][gc,start      ] GC(5) Pause Cleanup
[2021-05-15T18:53:41.162+0100][gc            ] GC(5) Pause Cleanup 143M->143M(1024M) 0.456ms
[2021-05-15T18:53:41.162+0100][gc,cpu        ] GC(5) User=0.00s Sys=0.00s Real=0.00s
[2021-05-15T18:53:41.162+0100][gc,marking    ] GC(5) Concurrent Cleanup for Next Mark
[2021-05-15T18:53:41.169+0100][gc,marking    ] GC(5) Concurrent Cleanup for Next Mark 7.306ms
[2021-05-15T18:53:41.170+0100][gc            ] GC(5) Concurrent Cycle 69.980ms
[2021-05-15T18:54:03.326+0100][gc,heap,exit  ] Heap
[2021-05-15T18:54:03.327+0100][gc,heap,exit  ]  garbage-first heap   total 1048576K, used 171045K [0x00000000c0000000, 0x0000000100000000)
[2021-05-15T18:54:03.327+0100][gc,heap,exit  ]   region size 1024K, 28 young (28672K), 2 survivors (2048K)
[2021-05-15T18:54:03.327+0100][gc,heap,exit  ]  Metaspace       used 38644K, capacity 40511K, committed 40652K, reserved 1083392K
[2021-05-15T18:54:03.327+0100][gc,heap,exit  ]   class space    used 4851K, capacity 5734K, committed 5836K, reserved 1048576K
