[2021-05-15T18:38:46.174+0100][gc,heap] Heap region size: 1M
[2021-05-15T18:38:46.180+0100][gc     ] Using G1
[2021-05-15T18:38:46.180+0100][gc,heap,coops] Heap address: 0x00000000e0000000, size: 512 MB, Compressed Oops mode: 32-bit
[2021-05-15T18:38:46.181+0100][gc,cds       ] Mark closed archive regions in map: [0x00000000fff00000, 0x00000000fff6aff8]
[2021-05-15T18:38:46.181+0100][gc,cds       ] Mark open archive regions in map: [0x00000000ffe00000, 0x00000000ffe46ff8]
[2021-05-15T18:43:22.327+0100][gc,heap,exit ] Heap
[2021-05-15T18:43:22.327+0100][gc,heap,exit ]  garbage-first heap   total 524288K, used 25288K [0x00000000e0000000, 0x0000000100000000)
[2021-05-15T18:43:22.327+0100][gc,heap,exit ]   region size 1024K, 25 young (25600K), 0 survivors (0K)
[2021-05-15T18:43:22.328+0100][gc,heap,exit ]  Metaspace       used 7528K, capacity 7855K, committed 7936K, reserved 1056768K
[2021-05-15T18:43:22.328+0100][gc,heap,exit ]   class space    used 861K, capacity 983K, committed 1024K, reserved 1048576K
