[2021-05-15T18:44:03.668+0100][gc,heap] Heap region size: 1M
[2021-05-15T18:44:03.674+0100][gc     ] Using G1
[2021-05-15T18:44:03.674+0100][gc,heap,coops] Heap address: 0x00000000e0000000, size: 512 MB, Compressed Oops mode: 32-bit
[2021-05-15T18:44:03.675+0100][gc,cds       ] Mark closed archive regions in map: [0x00000000fff00000, 0x00000000fff6aff8]
[2021-05-15T18:44:03.675+0100][gc,cds       ] Mark open archive regions in map: [0x00000000ffe00000, 0x00000000ffe46ff8]
[2021-05-15T18:44:56.354+0100][gc,heap,exit ] Heap
[2021-05-15T18:44:56.354+0100][gc,heap,exit ]  garbage-first heap   total 524288K, used 24264K [0x00000000e0000000, 0x0000000100000000)
[2021-05-15T18:44:56.355+0100][gc,heap,exit ]   region size 1024K, 24 young (24576K), 0 survivors (0K)
[2021-05-15T18:44:56.366+0100][gc,heap,exit ]  Metaspace       used 7416K, capacity 7727K, committed 7936K, reserved 1056768K
[2021-05-15T18:44:56.366+0100][gc,heap,exit ]   class space    used 848K, capacity 983K, committed 1024K, reserved 1048576K
