[2021-05-15T18:53:26.156+0100][gc,heap] Heap region size: 1M
[2021-05-15T18:53:26.162+0100][gc     ] Using G1
[2021-05-15T18:53:26.162+0100][gc,heap,coops] Heap address: 0x00000000e0000000, size: 512 MB, Compressed Oops mode: 32-bit
[2021-05-15T18:53:26.163+0100][gc,cds       ] Mark closed archive regions in map: [0x00000000fff00000, 0x00000000fff6aff8]
[2021-05-15T18:53:26.163+0100][gc,cds       ] Mark open archive regions in map: [0x00000000ffe00000, 0x00000000ffe46ff8]
[2021-05-15T18:53:33.360+0100][gc,start     ] GC(0) Pause Young (Normal) (G1 Evacuation Pause)
[2021-05-15T18:53:33.361+0100][gc,task      ] GC(0) Using 4 workers of 4 for evacuation
[2021-05-15T18:53:33.373+0100][gc,phases    ] GC(0)   Pre Evacuate Collection Set: 0.0ms
[2021-05-15T18:53:33.374+0100][gc,phases    ] GC(0)   Evacuate Collection Set: 11.0ms
[2021-05-15T18:53:33.374+0100][gc,phases    ] GC(0)   Post Evacuate Collection Set: 0.8ms
[2021-05-15T18:53:33.375+0100][gc,phases    ] GC(0)   Other: 1.6ms
[2021-05-15T18:53:33.375+0100][gc,heap      ] GC(0) Eden regions: 25->0(21)
[2021-05-15T18:53:33.375+0100][gc,heap      ] GC(0) Survivor regions: 0->4(4)
[2021-05-15T18:53:33.375+0100][gc,heap      ] GC(0) Old regions: 2->4
[2021-05-15T18:53:33.376+0100][gc,heap      ] GC(0) Humongous regions: 0->0
[2021-05-15T18:53:33.376+0100][gc,metaspace ] GC(0) Metaspace: 7778K->7778K(1056768K)
[2021-05-15T18:53:33.376+0100][gc           ] GC(0) Pause Young (Normal) (G1 Evacuation Pause) 25M->6M(512M) 16.593ms
[2021-05-15T18:53:33.377+0100][gc,cpu       ] GC(0) User=0.05s Sys=0.00s Real=0.01s
[2021-05-15T18:54:08.804+0100][gc,heap,exit ] Heap
[2021-05-15T18:54:08.804+0100][gc,heap,exit ]  garbage-first heap   total 524288K, used 11493K [0x00000000e0000000, 0x0000000100000000)
[2021-05-15T18:54:08.804+0100][gc,heap,exit ]   region size 1024K, 10 young (10240K), 4 survivors (4096K)
[2021-05-15T18:54:08.805+0100][gc,heap,exit ]  Metaspace       used 8200K, capacity 8527K, committed 8704K, reserved 1056768K
[2021-05-15T18:54:08.805+0100][gc,heap,exit ]   class space    used 902K, capacity 1015K, committed 1024K, reserved 1048576K
