[2021-05-15T18:35:26.017+0100][gc,heap] Heap region size: 1M
[2021-05-15T18:35:26.022+0100][gc     ] Using G1
[2021-05-15T18:35:26.023+0100][gc,heap,coops] Heap address: 0x00000000e0000000, size: 512 MB, Compressed Oops mode: 32-bit
[2021-05-15T18:35:26.023+0100][gc,cds       ] Mark closed archive regions in map: [0x00000000fff00000, 0x00000000fff6aff8]
[2021-05-15T18:35:26.023+0100][gc,cds       ] Mark open archive regions in map: [0x00000000ffe00000, 0x00000000ffe46ff8]
[2021-05-15T18:35:28.634+0100][gc,start     ] GC(0) Pause Young (Normal) (G1 Evacuation Pause)
[2021-05-15T18:35:28.635+0100][gc,task      ] GC(0) Using 4 workers of 4 for evacuation
[2021-05-15T18:35:28.654+0100][gc,phases    ] GC(0)   Pre Evacuate Collection Set: 0.0ms
[2021-05-15T18:35:28.655+0100][gc,phases    ] GC(0)   Evacuate Collection Set: 18.1ms
[2021-05-15T18:35:28.655+0100][gc,phases    ] GC(0)   Post Evacuate Collection Set: 0.5ms
[2021-05-15T18:35:28.655+0100][gc,phases    ] GC(0)   Other: 1.3ms
[2021-05-15T18:35:28.655+0100][gc,heap      ] GC(0) Eden regions: 25->0(21)
[2021-05-15T18:35:28.655+0100][gc,heap      ] GC(0) Survivor regions: 0->4(4)
[2021-05-15T18:35:28.656+0100][gc,heap      ] GC(0) Old regions: 2->4
[2021-05-15T18:35:28.656+0100][gc,heap      ] GC(0) Humongous regions: 0->0
[2021-05-15T18:35:28.656+0100][gc,metaspace ] GC(0) Metaspace: 7728K->7728K(1056768K)
[2021-05-15T18:35:28.656+0100][gc           ] GC(0) Pause Young (Normal) (G1 Evacuation Pause) 25M->6M(512M) 21.998ms
[2021-05-15T18:35:28.656+0100][gc,cpu       ] GC(0) User=0.06s Sys=0.01s Real=0.02s
[2021-05-15T18:36:09.474+0100][gc,heap,exit ] Heap
[2021-05-15T18:36:09.475+0100][gc,heap,exit ]  garbage-first heap   total 524288K, used 8321K [0x00000000e0000000, 0x0000000100000000)
[2021-05-15T18:36:09.475+0100][gc,heap,exit ]   region size 1024K, 7 young (7168K), 4 survivors (4096K)
[2021-05-15T18:36:09.475+0100][gc,heap,exit ]  Metaspace       used 7781K, capacity 8079K, committed 8192K, reserved 1056768K
[2021-05-15T18:36:09.475+0100][gc,heap,exit ]   class space    used 881K, capacity 1015K, committed 1024K, reserved 1048576K
